Archive member included to satisfy reference by file (symbol)

d:/stm32cubeide_1.8.0/stm32cubeide/plugins/com.st.stm32cube.ide.mcu.externaltools.gnu-tools-for-stm32.9-2020-q2-update.win32_2.0.0.202105311346/tools/bin/../lib/gcc/arm-none-eabi/9.3.1/../../../../arm-none-eabi/lib/thumb/v7e-m+fp/hard\libc_nano.a(lib_a-errno.o)
                              ./Core/Src/syscalls.o (__errno)
d:/stm32cubeide_1.8.0/stm32cubeide/plugins/com.st.stm32cube.ide.mcu.externaltools.gnu-tools-for-stm32.9-2020-q2-update.win32_2.0.0.202105311346/tools/bin/../lib/gcc/arm-none-eabi/9.3.1/../../../../arm-none-eabi/lib/thumb/v7e-m+fp/hard\libc_nano.a(lib_a-exit.o)
                              d:/stm32cubeide_1.8.0/stm32cubeide/plugins/com.st.stm32cube.ide.mcu.externaltools.gnu-tools-for-stm32.9-2020-q2-update.win32_2.0.0.202105311346/tools/bin/../lib/gcc/arm-none-eabi/9.3.1/../../../../arm-none-eabi/lib/thumb/v7e-m+fp/hard/crt0.o (exit)
d:/stm32cubeide_1.8.0/stm32cubeide/plugins/com.st.stm32cube.ide.mcu.externaltools.gnu-tools-for-stm32.9-2020-q2-update.win32_2.0.0.202105311346/tools/bin/../lib/gcc/arm-none-eabi/9.3.1/../../../../arm-none-eabi/lib/thumb/v7e-m+fp/hard\libc_nano.a(lib_a-impure.o)
                              d:/stm32cubeide_1.8.0/stm32cubeide/plugins/com.st.stm32cube.ide.mcu.externaltools.gnu-tools-for-stm32.9-2020-q2-update.win32_2.0.0.202105311346/tools/bin/../lib/gcc/arm-none-eabi/9.3.1/../../../../arm-none-eabi/lib/thumb/v7e-m+fp/hard\libc_nano.a(lib_a-exit.o) (_global_impure_ptr)
d:/stm32cubeide_1.8.0/stm32cubeide/plugins/com.st.stm32cube.ide.mcu.externaltools.gnu-tools-for-stm32.9-2020-q2-update.win32_2.0.0.202105311346/tools/bin/../lib/gcc/arm-none-eabi/9.3.1/../../../../arm-none-eabi/lib/thumb/v7e-m+fp/hard\libc_nano.a(lib_a-init.o)
                              d:/stm32cubeide_1.8.0/stm32cubeide/plugins/com.st.stm32cube.ide.mcu.externaltools.gnu-tools-for-stm32.9-2020-q2-update.win32_2.0.0.202105311346/tools/bin/../lib/gcc/arm-none-eabi/9.3.1/../../../../arm-none-eabi/lib/thumb/v7e-m+fp/hard/crt0.o (__libc_init_array)
d:/stm32cubeide_1.8.0/stm32cubeide/plugins/com.st.stm32cube.ide.mcu.externaltools.gnu-tools-for-stm32.9-2020-q2-update.win32_2.0.0.202105311346/tools/bin/../lib/gcc/arm-none-eabi/9.3.1/../../../../arm-none-eabi/lib/thumb/v7e-m+fp/hard\libc_nano.a(lib_a-malloc.o)
                              ./Middlewares/ST/STM32_USB_Host_Library/Class/MSC/Src/usbh_msc.o (malloc)
d:/stm32cubeide_1.8.0/stm32cubeide/plugins/com.st.stm32cube.ide.mcu.externaltools.gnu-tools-for-stm32.9-2020-q2-update.win32_2.0.0.202105311346/tools/bin/../lib/gcc/arm-none-eabi/9.3.1/../../../../arm-none-eabi/lib/thumb/v7e-m+fp/hard\libc_nano.a(lib_a-memcpy-stub.o)
                              ./Audio/MY_CS43L22.o (memcpy)
d:/stm32cubeide_1.8.0/stm32cubeide/plugins/com.st.stm32cube.ide.mcu.externaltools.gnu-tools-for-stm32.9-2020-q2-update.win32_2.0.0.202105311346/tools/bin/../lib/gcc/arm-none-eabi/9.3.1/../../../../arm-none-eabi/lib/thumb/v7e-m+fp/hard\libc_nano.a(lib_a-memset.o)
                              d:/stm32cubeide_1.8.0/stm32cubeide/plugins/com.st.stm32cube.ide.mcu.externaltools.gnu-tools-for-stm32.9-2020-q2-update.win32_2.0.0.202105311346/tools/bin/../lib/gcc/arm-none-eabi/9.3.1/../../../../arm-none-eabi/lib/thumb/v7e-m+fp/hard/crt0.o (memset)
d:/stm32cubeide_1.8.0/stm32cubeide/plugins/com.st.stm32cube.ide.mcu.externaltools.gnu-tools-for-stm32.9-2020-q2-update.win32_2.0.0.202105311346/tools/bin/../lib/gcc/arm-none-eabi/9.3.1/../../../../arm-none-eabi/lib/thumb/v7e-m+fp/hard\libc_nano.a(lib_a-nano-freer.o)
                              d:/stm32cubeide_1.8.0/stm32cubeide/plugins/com.st.stm32cube.ide.mcu.externaltools.gnu-tools-for-stm32.9-2020-q2-update.win32_2.0.0.202105311346/tools/bin/../lib/gcc/arm-none-eabi/9.3.1/../../../../arm-none-eabi/lib/thumb/v7e-m+fp/hard\libc_nano.a(lib_a-malloc.o) (_free_r)
d:/stm32cubeide_1.8.0/stm32cubeide/plugins/com.st.stm32cube.ide.mcu.externaltools.gnu-tools-for-stm32.9-2020-q2-update.win32_2.0.0.202105311346/tools/bin/../lib/gcc/arm-none-eabi/9.3.1/../../../../arm-none-eabi/lib/thumb/v7e-m+fp/hard\libc_nano.a(lib_a-nano-mallocr.o)
                              d:/stm32cubeide_1.8.0/stm32cubeide/plugins/com.st.stm32cube.ide.mcu.externaltools.gnu-tools-for-stm32.9-2020-q2-update.win32_2.0.0.202105311346/tools/bin/../lib/gcc/arm-none-eabi/9.3.1/../../../../arm-none-eabi/lib/thumb/v7e-m+fp/hard\libc_nano.a(lib_a-malloc.o) (_malloc_r)
d:/stm32cubeide_1.8.0/stm32cubeide/plugins/com.st.stm32cube.ide.mcu.externaltools.gnu-tools-for-stm32.9-2020-q2-update.win32_2.0.0.202105311346/tools/bin/../lib/gcc/arm-none-eabi/9.3.1/../../../../arm-none-eabi/lib/thumb/v7e-m+fp/hard\libc_nano.a(lib_a-sbrkr.o)
[...]
Memory Configuration

Name             Origin             Length             Attributes
CCMRAM           0x0000000010000000 0x0000000000010000 xrw
RAM              0x0000000020000000 0x0000000000020000 xrw
FLASH            0x0000000008000000 0x0000000000100000 xr
*default*        0x0000000000000000 0xffffffffffffffff

Linker script and memory map

LOAD d:/stm32cubeide_1.8.0/stm32cubeide/plugins/com.st.stm32cube.ide.mcu.externaltools.gnu-tools-for-stm32.9-2020-q2-update.win32_2.0.0.202105311346/tools/bin/../lib/gcc/arm-none-eabi/9.3.1/thumb/v7e-m+fp/hard/crti.o
LOAD d:/stm32cubeide_1.8.0/stm32cubeide/plugins/com.st.stm32cube.ide.mcu.externaltools.gnu-tools-for-stm32.9-2020-q2-update.win32_2.0.0.202105311346/tools/bin/../lib/gcc/arm-none-eabi/9.3.1/thumb/v7e-m+fp/hard/crtbegin.o
LOAD d:/stm32cubeide_1.8.0/stm32cubeide/plugins/com.st.stm32cube.ide.mcu.externaltools.gnu-tools-for-stm32.9-2020-q2-update.win32_2.0.0.202105311346/tools/bin/../lib/gcc/arm-none-eabi/9.3.1/../../../../arm-none-eabi/lib/thumb/v7e-m+fp/hard/crt0.o
LOAD ./Audio/MY_CS43L22.o
LOAD ./Audio/audioI2S.o
LOAD ./Audio/wav_player.o
LOAD ./Core/Src/main.o
LOAD ./Core/Src/stm32f4xx_hal_msp.o
LOAD ./Core/Src/stm32f4xx_it.o
LOAD ./Core/Src/syscalls.o
LOAD ./Core/Src/sysmem.o
LOAD ./Core/Src/system_stm32f4xx.o
LOAD ./Core/Startup/startup_stm32f407vgtx.o
LOAD ./Drivers/STM32F4xx_HAL_Driver/Src/stm32f4xx_hal.o
LOAD ./Drivers/STM32F4xx_HAL_Driver/Src/stm32f4xx_hal_cortex.o
LOAD ./Drivers/STM32F4xx_HAL_Driver/Src/stm32f4xx_hal_dma.o
LOAD ./Drivers/STM32F4xx_HAL_Driver/Src/stm32f4xx_hal_dma_ex.o
LOAD ./Drivers/STM32F4xx_HAL_Driver/Src/stm32f4xx_hal_exti.o
LOAD ./Drivers/STM32F4xx_HAL_Driver/Src/stm32f4xx_hal_flash.o
LOAD ./Drivers/STM32F4xx_HAL_Driver/Src/stm32f4xx_hal_flash_ex.o
LOAD ./Drivers/STM32F4xx_HAL_Driver/Src/stm32f4xx_hal_flash_ramfunc.o
LOAD ./Drivers/STM32F4xx_HAL_Driver/Src/stm32f4xx_hal_gpio.o
LOAD ./Drivers/STM32F4xx_HAL_Driver/Src/stm32f4xx_hal_hcd.o
LOAD ./Drivers/STM32F4xx_HAL_Driver/Src/stm32f4xx_hal_i2c.o
LOAD ./Drivers/STM32F4xx_HAL_Driver/Src/stm32f4xx_hal_i2c_ex.o
LOAD ./Drivers/STM32F4xx_HAL_Driver/Src/stm32f4xx_hal_i2s.o
LOAD ./Drivers/STM32F4xx_HAL_Driver/Src/stm32f4xx_hal_i2s_ex.o
LOAD ./Drivers/STM32F4xx_HAL_Driver/Src/stm32f4xx_hal_pwr.o
LOAD ./Drivers/STM32F4xx_HAL_Driver/Src/stm32f4xx_hal_pwr_ex.o
LOAD ./Drivers/STM32F4xx_HAL_Driver/Src/stm32f4xx_hal_rcc.o
LOAD ./Drivers/STM32F4xx_HAL_Driver/Src/stm32f4xx_hal_rcc_ex.o
LOAD ./Drivers/STM32F4xx_HAL_Driver/Src/stm32f4xx_hal_tim.o
LOAD ./Drivers/STM32F4xx_HAL_Driver/Src/stm32f4xx_hal_tim_ex.o
LOAD ./Drivers/STM32F4xx_HAL_Driver/Src/stm32f4xx_ll_usb.o
LOAD ./FATFS/App/fatfs.o
LOAD ./FATFS/Target/usbh_diskio.o
LOAD ./Middlewares/ST/STM32_USB_Host_Library/Class/MSC/Src/usbh_msc.o
LOAD ./Middlewares/ST/STM32_USB_Host_Library/Class/MSC/Src/usbh_msc_bot.o
LOAD ./Middlewares/ST/STM32_USB_Host_Library/Class/MSC/Src/usbh_msc_scsi.o
LOAD ./Middlewares/ST/STM32_USB_Host_Library/Core/Src/usbh_core.o
LOAD ./Middlewares/ST/STM32_USB_Host_Library/Core/Src/usbh_ctlreq.o
LOAD ./Middlewares/ST/STM32_USB_Host_Library/Core/Src/usbh_ioreq.o
LOAD ./Middlewares/ST/STM32_USB_Host_Library/Core/Src/usbh_pipes.o
LOAD ./Middlewares/Third_Party/FatFs/src/diskio.o
LOAD ./Middlewares/Third_Party/FatFs/src/ff.o
LOAD ./Middlewares/Third_Party/FatFs/src/ff_gen_drv.o
LOAD ./Middlewares/Third_Party/FatFs/src/option/syscall.o
LOAD ./USB_HOST/App/usb_host.o
LOAD ./USB_HOST/Target/usbh_conf.o
START GROUP
LOAD d:/stm32cubeide_1.8.0/stm32cubeide/plugins/com.st.stm32cube.ide.mcu.externaltools.gnu-tools-for-stm32.9-2020-q2-update.win32_2.0.0.202105311346/tools/bin/../lib/gcc/arm-none-eabi/9.3.1/../../../../arm-none-eabi/lib/thumb/v7e-m+fp/hard\libc_nano.a
LOAD d:/stm32cubeide_1.8.0/stm32cubeide/plugins/com.st.stm32cube.ide.mcu.externaltools.gnu-tools-for-stm32.9-2020-q2-update.win32_2.0.0.202105311346/tools/bin/../lib/gcc/arm-none-eabi/9.3.1/../../../../arm-none-eabi/lib/thumb/v7e-m+fp/hard\libm.a
END GROUP
START GROUP
LOAD d:/stm32cubeide_1.8.0/stm32cubeide/plugins/com.st.stm32cube.ide.mcu.externaltools.gnu-tools-for-stm32.9-2020-q2-update.win32_2.0.0.202105311346/tools/bin/../lib/gcc/arm-none-eabi/9.3.1/thumb/v7e-m+fp/hard\libgcc.a
LOAD d:/stm32cubeide_1.8.0/stm32cubeide/plugins/com.st.stm32cube.ide.mcu.externaltools.gnu-tools-for-stm32.9-2020-q2-update.win32_2.0.0.202105311346/tools/bin/../lib/gcc/arm-none-eabi/9.3.1/../../../../arm-none-eabi/lib/thumb/v7e-m+fp/hard\libc_nano.a
END GROUP
START GROUP
LOAD d:/stm32cubeide_1.8.0/stm32cubeide/plugins/com.st.stm32cube.ide.mcu.externaltools.gnu-tools-for-stm32.9-2020-q2-update.win32_2.0.0.202105311346/tools/bin/../lib/gcc/arm-none-eabi/9.3.1/thumb/v7e-m+fp/hard\libgcc.a
LOAD d:/stm32cubeide_1.8.0/stm32cubeide/plugins/com.st.stm32cube.ide.mcu.externaltools.gnu-tools-for-stm32.9-2020-q2-update.win32_2.0.0.202105311346/tools/bin/../lib/gcc/arm-none-eabi/9.3.1/../../../../arm-none-eabi/lib/thumb/v7e-m+fp/hard\libc_nano.a
LOAD d:/stm32cubeide_1.8.0/stm32cubeide/plugins/com.st.stm32cube.ide.mcu.externaltools.gnu-tools-for-stm32.9-2020-q2-update.win32_2.0.0.202105311346/tools/bin/../lib/gcc/arm-none-eabi/9.3.1/../../../../arm-none-eabi/lib/thumb/v7e-m+fp/hard\libnosys.a
END GROUP
START GROUP
LOAD d:/stm32cubeide_1.8.0/stm32cubeide/plugins/com.st.stm32cube.ide.mcu.externaltools.gnu-tools-for-stm32.9-2020-q2-update.win32_2.0.0.202105311346/tools/bin/../lib/gcc/arm-none-eabi/9.3.1/thumb/v7e-m+fp/hard\libgcc.a
LOAD d:/stm32cubeide_1.8.0/stm32cubeide/plugins/com.st.stm32cube.ide.mcu.externaltools.gnu-tools-for-stm32.9-2020-q2-update.win32_2.0.0.202105311346/tools/bin/../lib/gcc/arm-none-eabi/9.3.1/../../../../arm-none-eabi/lib/thumb/v7e-m+fp/hard\libc_nano.a
LOAD d:/stm32cubeide_1.8.0/stm32cubeide/plugins/com.st.stm32cube.ide.mcu.externaltools.gnu-tools-for-stm32.9-2020-q2-update.win32_2.0.0.202105311346/tools/bin/../lib/gcc/arm-none-eabi/9.3.1/../../../../arm-none-eabi/lib/thumb/v7e-m+fp/hard\libnosys.a
END GROUP
LOAD d:/stm32cubeide_1.8.0/stm32cubeide/plugins/com.st.stm32cube.ide.mcu.externaltools.gnu-tools-for-stm32.9-2020-q2-update.win32_2.0.0.202105311346/tools/bin/../lib/gcc/arm-none-eabi/9.3.1/thumb/v7e-m+fp/hard/crtend.o
LOAD d:/stm32cubeide_1.8.0/stm32cubeide/plugins/com.st.stm32cube.ide.mcu.externaltools.gnu-tools-for-stm32.9-2020-q2-update.win32_2.0.0.202105311346/tools/bin/../lib/gcc/arm-none-eabi/9.3.1/thumb/v7e-m+fp/hard/crtn.o
                0x0000000020020000                _estack = (ORIGIN (RAM) + LENGTH (RAM))
                0x0000000000002000                _Min_Heap_Size = 0x2000
                0x0000000000002000                _Min_Stack_Size = 0x2000

.isr_vector     0x0000000008000000      0x188
                0x0000000008000000                . = ALIGN (0x4)
 *(.isr_vector)
 .isr_vector    0x0000000008000000      0x188 ./Core/Startup/startup_stm32f407vgtx.o
                0x0000000008000000                g_pfnVectors
                0x0000000008000188                . = ALIGN (0x4)

.text           0x0000000008000188     0xd91c
                0x0000000008000188                . = ALIGN (0x4)
 *(.text)
 .text          0x0000000008000188       0x40 d:/stm32cubeide_1.8.0/stm32cubeide/plugins/com.st.stm32cube.ide.mcu.externaltools.gnu-tools-for-stm32.9-2020-q2-update.win32_2.0.0.202105311346/tools/bin/../lib/gcc/arm-none-eabi/9.3.1/thumb/v7e-m+fp/hard/crtbegin.o
 .text          0x00000000080001c8       0x30 d:/stm32cubeide_1.8.0/stm32cubeide/plugins/com.st.stm32cube.ide.mcu.externaltools.gnu-tools-for-stm32.9-2020-q2-update.win32_2.0.0.202105311346/tools/bin/../lib/gcc/arm-none-eabi/9.3.1/thumb/v7e-m+fp/hard\libgcc.a(_aeabi_uldivmod.o)
                0x00000000080001c8                __aeabi_uldivmod
 .text          0x00000000080001f8      0x2c4 d:/stm32cubeide_1.8.0/stm32cubeide/plugins/com.st.stm32cube.ide.mcu.externaltools.gnu-tools-for-stm32.9-2020-q2-update.win32_2.0.0.202105311346/tools/bin/../lib/gcc/arm-none-eabi/9.3.1/thumb/v7e-m+fp/hard\libgcc.a(_udivmoddi4.o)
                0x00000000080001f8                __udivmoddi4
 .text          0x00000000080004bc        0x4 d:/stm32cubeide_1.8.0/stm32cubeide/plugins/com.st.stm32cube.ide.mcu.externaltools.gnu-tools-for-stm32.9-2020-q2-update.win32_2.0.0.202105311346/tools/bin/../lib/gcc/arm-none-eabi/9.3.1/thumb/v7e-m+fp/hard\libgcc.a(_dvmd_tls.o)
                0x00000000080004bc                __aeabi_idiv0
                0x00000000080004bc                __aeabi_ldiv0
 *(.text*)
 .text.write_register
                0x00000000080004c0       0x34 ./Audio/MY_CS43L22.o
 .text.read_register
                0x00000000080004f4       0x40 ./Audio/MY_CS43L22.o
 .text.CS43_Init
                0x0000000008000534      0x20c ./Audio/MY_CS43L22.o
                0x0000000008000534                CS43_Init
 .text.CS43_Enable_RightLeft
                0x0000000008000740       0x94 ./Audio/MY_CS43L22.o
                0x0000000008000740                CS43_Enable_RightLeft
 .text.CS43_SetVolume
                0x00000000080007d4       0x36 ./Audio/MY_CS43L22.o
                0x00000000080007d4                CS43_SetVolume
 .text.CS43_SetMute
                0x000000000800080a       0x7e ./Audio/MY_CS43L22.o
                0x000000000800080a                CS43_SetMute
 .text.CS43_Start
                0x0000000008000888       0x98 ./Audio/MY_CS43L22.o
                0x0000000008000888                CS43_Start
 .text.CS43_Stop
                0x0000000008000920       0x34 ./Audio/MY_CS43L22.o
                0x0000000008000920                CS43_Stop
 .text.audioI2S_pllClockConfig
                0x0000000008000954       0x98 ./Audio/audioI2S.o
 .text.I2S3_freqUpdate
                0x00000000080009ec       0x88 ./Audio/audioI2S.o
 .text.audioI2S_setHandle
                0x0000000008000a74       0x20 ./Audio/audioI2S.o
                0x0000000008000a74                audioI2S_setHandle
 .text.audioI2S_init
                0x0000000008000a94       0x1e ./Audio/audioI2S.o
                0x0000000008000a94                audioI2S_init
 *fill*         0x0000000008000ab2        0x2 
 .text.audioI2S_play
                0x0000000008000ab4       0x3c ./Audio/audioI2S.o
                0x0000000008000ab4                audioI2S_play
 .text.audioI2S_pause
                0x0000000008000af0       0x1c ./Audio/audioI2S.o
                0x0000000008000af0                audioI2S_pause
 .text.audioI2S_resume
                0x0000000008000b0c       0x1c ./Audio/audioI2S.o
                0x0000000008000b0c                audioI2S_resume
 .text.audioI2S_stop
                0x0000000008000b28       0x1c ./Audio/audioI2S.o
                0x0000000008000b28                audioI2S_stop
 .text.HAL_I2S_TxCpltCallback
                0x0000000008000b44       0x24 ./Audio/audioI2S.o
                0x0000000008000b44                HAL_I2S_TxCpltCallback
 .text.HAL_I2S_TxHalfCpltCallback
                0x0000000008000b68       0x24 ./Audio/audioI2S.o
                0x0000000008000b68                HAL_I2S_TxHalfCpltCallback
 .text.wavPlayer_reset
                0x0000000008000b8c       0x24 ./Audio/wav_player.o
 .text.wavPlayer_fileSelect
                0x0000000008000bb0       0x54 ./Audio/wav_player.o
                0x0000000008000bb0                wavPlayer_fileSelect
 .text.wavPlayer_play
                0x0000000008000c04       0x64 ./Audio/wav_player.o
                0x0000000008000c04                wavPlayer_play
 .text.wavPlayer_process
                0x0000000008000c68       0xe4 ./Audio/wav_player.o
                0x0000000008000c68                wavPlayer_process
 .text.wavPlayer_stop
                0x0000000008000d4c       0x18 ./Audio/wav_player.o
                0x0000000008000d4c                wavPlayer_stop
 .text.wavPlayer_pause
                0x0000000008000d64        0xc ./Audio/wav_player.o
                0x0000000008000d64                wavPlayer_pause
 .text.wavPlayer_resume
                0x0000000008000d70        0xc ./Audio/wav_player.o
                0x0000000008000d70                wavPlayer_resume
 .text.wavPlayer_isFinished
                0x0000000008000d7c       0x18 ./Audio/wav_player.o
                0x0000000008000d7c                wavPlayer_isFinished
 .text.audioI2S_halfTransfer_Callback
                0x0000000008000d94       0x18 ./Audio/wav_player.o
                0x0000000008000d94                audioI2S_halfTransfer_Callback
 .text.audioI2S_fullTransfer_Callback
                0x0000000008000dac       0x18 ./Audio/wav_player.o
                0x0000000008000dac                audioI2S_fullTransfer_Callback
 .text.main     0x0000000008000dc4      0x18c ./Core/Src/main.o
                0x0000000008000dc4                main
 .text.SystemClock_Config
                0x0000000008000f50       0xd4 ./Core/Src/main.o
                0x0000000008000f50                SystemClock_Config
 .text.MX_I2C1_Init
                0x0000000008001024       0x5c ./Core/Src/main.o
 .text.MX_I2S3_Init
                0x0000000008001080       0x5c ./Core/Src/main.o
 .text.MX_DMA_Init
                0x00000000080010dc       0x40 ./Core/Src/main.o
 .text.MX_GPIO_Init
                0x000000000800111c      0x124 ./Core/Src/main.o
 .text.Error_Handler
                0x0000000008001240        0xa ./Core/Src/main.o
                0x0000000008001240                Error_Handler
 *fill*         0x000000000800124a        0x2 
 .text.HAL_MspInit
                0x000000000800124c       0x50 ./Core/Src/stm32f4xx_hal_msp.o
                0x000000000800124c                HAL_MspInit
 .text.HAL_I2C_MspInit
                0x000000000800129c       0x90 ./Core/Src/stm32f4xx_hal_msp.o
                0x000000000800129c                HAL_I2C_MspInit
 .text.HAL_I2S_MspInit
                0x000000000800132c      0x17c ./Core/Src/stm32f4xx_hal_msp.o
                0x000000000800132c                HAL_I2S_MspInit
 .text.NMI_Handler
                0x00000000080014a8        0x6 ./Core/Src/stm32f4xx_it.o
                0x00000000080014a8                NMI_Handler
 .text.HardFault_Handler
                0x00000000080014ae        0x6 ./Core/Src/stm32f4xx_it.o
                0x00000000080014ae                HardFault_Handler
 .text.MemManage_Handler
                0x00000000080014b4        0x6 ./Core/Src/stm32f4xx_it.o
                0x00000000080014b4                MemManage_Handler
 .text.BusFault_Handler
                0x00000000080014ba        0x6 ./Core/Src/stm32f4xx_it.o
                0x00000000080014ba                BusFault_Handler
 .text.UsageFault_Handler
                0x00000000080014c0        0x6 ./Core/Src/stm32f4xx_it.o
                0x00000000080014c0                UsageFault_Handler
 .text.SVC_Handler
                0x00000000080014c6        0xe ./Core/Src/stm32f4xx_it.o
                0x00000000080014c6                SVC_Handler
 .text.DebugMon_Handler
                0x00000000080014d4        0xe ./Core/Src/stm32f4xx_it.o
                0x00000000080014d4                DebugMon_Handler
 .text.PendSV_Handler
                0x00000000080014e2        0xe ./Core/Src/stm32f4xx_it.o
                0x00000000080014e2                PendSV_Handler
 .text.SysTick_Handler
                0x00000000080014f0        0xc ./Core/Src/stm32f4xx_it.o
                0x00000000080014f0                SysTick_Handler
 .text.DMA1_Stream5_IRQHandler
                0x00000000080014fc       0x14 ./Core/Src/stm32f4xx_it.o
                0x00000000080014fc                DMA1_Stream5_IRQHandler
 .text.OTG_FS_IRQHandler
                0x0000000008001510       0x14 ./Core/Src/stm32f4xx_it.o
                0x0000000008001510                OTG_FS_IRQHandler
 .text._sbrk    0x0000000008001524       0x6c ./Core/Src/sysmem.o
                0x0000000008001524                _sbrk
 .text.SystemInit
                0x0000000008001590       0x24 ./Core/Src/system_stm32f4xx.o
                0x0000000008001590                SystemInit
 .text.Reset_Handler
                0x00000000080015b4       0x50 ./Core/Startup/startup_stm32f407vgtx.o
                0x00000000080015b4                Reset_Handler
 .text.Default_Handler
                0x0000000008001604        0x2 ./Core/Startup/startup_stm32f407vgtx.o
                0x0000000008001604                RTC_Alarm_IRQHandler
                0x0000000008001604                HASH_RNG_IRQHandler
                0x0000000008001604                EXTI2_IRQHandler
                0x0000000008001604                TIM8_CC_IRQHandler
                0x0000000008001604                TIM1_CC_IRQHandler
                0x0000000008001604                DMA2_Stream5_IRQHandler
                0x0000000008001604                PVD_IRQHandler
                0x0000000008001604                SDIO_IRQHandler
                0x0000000008001604                TAMP_STAMP_IRQHandler
                0x0000000008001604                CAN2_RX1_IRQHandler
                0x0000000008001604                EXTI3_IRQHandler
                0x0000000008001604                TIM8_TRG_COM_TIM14_IRQHandler
                0x0000000008001604                TIM1_UP_TIM10_IRQHandler
                0x0000000008001604                TIM8_UP_TIM13_IRQHandler
                0x0000000008001604                I2C3_ER_IRQHandler
                0x0000000008001604                EXTI0_IRQHandler
                0x0000000008001604                I2C2_EV_IRQHandler
                0x0000000008001604                DMA1_Stream2_IRQHandler
                0x0000000008001604                CAN1_RX0_IRQHandler
                0x0000000008001604                FPU_IRQHandler
                0x0000000008001604                OTG_HS_WKUP_IRQHandler
                0x0000000008001604                CAN2_SCE_IRQHandler
                0x0000000008001604                DMA2_Stream2_IRQHandler
                0x0000000008001604                SPI1_IRQHandler
                0x0000000008001604                TIM6_DAC_IRQHandler
                0x0000000008001604                TIM1_BRK_TIM9_IRQHandler
                0x0000000008001604                DCMI_IRQHandler
                0x0000000008001604                CAN2_RX0_IRQHandler
                0x0000000008001604                DMA2_Stream3_IRQHandler
                0x0000000008001604                USART6_IRQHandler
                0x0000000008001604                USART3_IRQHandler
                0x0000000008001604                CAN1_RX1_IRQHandler
                0x0000000008001604                UART5_IRQHandler
                0x0000000008001604                DMA2_Stream0_IRQHandler
                0x0000000008001604                TIM4_IRQHandler
                0x0000000008001604                I2C1_EV_IRQHandler
                0x0000000008001604                DMA1_Stream6_IRQHandler
                0x0000000008001604                DMA1_Stream1_IRQHandler
                0x0000000008001604                UART4_IRQHandler
                0x0000000008001604                TIM3_IRQHandler
                0x0000000008001604                RCC_IRQHandler
                0x0000000008001604                TIM8_BRK_TIM12_IRQHandler
                0x0000000008001604                Default_Handler
                0x0000000008001604                EXTI15_10_IRQHandler
                0x0000000008001604                ADC_IRQHandler
                0x0000000008001604                DMA1_Stream7_IRQHandler
                0x0000000008001604                TIM7_IRQHandler
                0x0000000008001604                CAN2_TX_IRQHandler
                0x0000000008001604                TIM5_IRQHandler
                0x0000000008001604                DMA2_Stream7_IRQHandler
                0x0000000008001604                I2C3_EV_IRQHandler
                0x0000000008001604                EXTI9_5_IRQHandler
                0x0000000008001604                RTC_WKUP_IRQHandler
                0x0000000008001604                ETH_WKUP_IRQHandler
                0x0000000008001604                SPI2_IRQHandler
                0x0000000008001604                OTG_HS_EP1_IN_IRQHandler
                0x0000000008001604                DMA1_Stream0_IRQHandler
                0x0000000008001604                CAN1_TX_IRQHandler
                0x0000000008001604                EXTI4_IRQHandler
                0x0000000008001604                FSMC_IRQHandler
                0x0000000008001604                ETH_IRQHandler
                0x0000000008001604                OTG_HS_EP1_OUT_IRQHandler
                0x0000000008001604                WWDG_IRQHandler
                0x0000000008001604                TIM2_IRQHandler
                0x0000000008001604                OTG_FS_WKUP_IRQHandler
                0x0000000008001604                TIM1_TRG_COM_TIM11_IRQHandler
                0x0000000008001604                OTG_HS_IRQHandler
                0x0000000008001604                EXTI1_IRQHandler
                0x0000000008001604                USART2_IRQHandler
                0x0000000008001604                I2C2_ER_IRQHandler
                0x0000000008001604                DMA2_Stream1_IRQHandler
                0x0000000008001604                CAN1_SCE_IRQHandler
                0x0000000008001604                FLASH_IRQHandler
                0x0000000008001604                DMA2_Stream4_IRQHandler
                0x0000000008001604                USART1_IRQHandler
                0x0000000008001604                SPI3_IRQHandler
                0x0000000008001604                DMA1_Stream4_IRQHandler
                0x0000000008001604                I2C1_ER_IRQHandler
                0x0000000008001604                DMA2_Stream6_IRQHandler
                0x0000000008001604                DMA1_Stream3_IRQHandler
 *fill*         0x0000000008001606        0x2 
 .text.HAL_Init
                0x0000000008001608       0x44 ./Drivers/STM32F4xx_HAL_Driver/Src/stm32f4xx_hal.o
                0x0000000008001608                HAL_Init
 .text.HAL_InitTick
                0x000000000800164c       0x60 ./Drivers/STM32F4xx_HAL_Driver/Src/stm32f4xx_hal.o
                0x000000000800164c                HAL_InitTick
 .text.HAL_IncTick
                0x00000000080016ac       0x28 ./Drivers/STM32F4xx_HAL_Driver/Src/stm32f4xx_hal.o
                0x00000000080016ac                HAL_IncTick
 .text.HAL_GetTick
                0x00000000080016d4       0x18 ./Drivers/STM32F4xx_HAL_Driver/Src/stm32f4xx_hal.o
                0x00000000080016d4                HAL_GetTick
 .text.HAL_Delay
                0x00000000080016ec       0x48 ./Drivers/STM32F4xx_HAL_Driver/Src/stm32f4xx_hal.o
                0x00000000080016ec                HAL_Delay
 .text.__NVIC_SetPriorityGrouping
                0x0000000008001734       0x48 ./Drivers/STM32F4xx_HAL_Driver/Src/stm32f4xx_hal_cortex.o
 .text.__NVIC_GetPriorityGrouping
                0x000000000800177c       0x1c ./Drivers/STM32F4xx_HAL_Driver/Src/stm32f4xx_hal_cortex.o
 .text.__NVIC_EnableIRQ
                0x0000000008001798       0x3c ./Drivers/STM32F4xx_HAL_Driver/Src/stm32f4xx_hal_cortex.o
 .text.__NVIC_SetPriority
                0x00000000080017d4       0x54 ./Drivers/STM32F4xx_HAL_Driver/Src/stm32f4xx_hal_cortex.o
 .text.NVIC_EncodePriority
                0x0000000008001828       0x66 ./Drivers/STM32F4xx_HAL_Driver/Src/stm32f4xx_hal_cortex.o
 *fill*         0x000000000800188e        0x2 
 .text.SysTick_Config
                0x0000000008001890       0x44 ./Drivers/STM32F4xx_HAL_Driver/Src/stm32f4xx_hal_cortex.o
 .text.HAL_NVIC_SetPriorityGrouping
                0x00000000080018d4       0x16 ./Drivers/STM32F4xx_HAL_Driver/Src/stm32f4xx_hal_cortex.o
                0x00000000080018d4                HAL_NVIC_SetPriorityGrouping
 .text.HAL_NVIC_SetPriority
                0x00000000080018ea       0x38 ./Drivers/STM32F4xx_HAL_Driver/Src/stm32f4xx_hal_cortex.o
                0x00000000080018ea                HAL_NVIC_SetPriority
 .text.HAL_NVIC_EnableIRQ
                0x0000000008001922       0x1c ./Drivers/STM32F4xx_HAL_Driver/Src/stm32f4xx_hal_cortex.o
                0x0000000008001922                HAL_NVIC_EnableIRQ
 .text.HAL_SYSTICK_Config
                0x000000000800193e       0x18 ./Drivers/STM32F4xx_HAL_Driver/Src/stm32f4xx_hal_cortex.o
                0x000000000800193e                HAL_SYSTICK_Config
 *fill*         0x0000000008001956        0x2 
 .text.HAL_DMA_Init
                0x0000000008001958      0x15c ./Drivers/STM32F4xx_HAL_Driver/Src/stm32f4xx_hal_dma.o
                0x0000000008001958                HAL_DMA_Init
 .text.HAL_DMA_Start_IT
                0x0000000008001ab4       0xb0 ./Drivers/STM32F4xx_HAL_Driver/Src/stm32f4xx_hal_dma.o
                0x0000000008001ab4                HAL_DMA_Start_IT
 .text.HAL_DMA_Abort
                0x0000000008001b64       0xe0 ./Drivers/STM32F4xx_HAL_Driver/Src/stm32f4xx_hal_dma.o
                0x0000000008001b64                HAL_DMA_Abort
 .text.HAL_DMA_IRQHandler
                0x0000000008001c44      0x314 ./Drivers/STM32F4xx_HAL_Driver/Src/stm32f4xx_hal_dma.o
                0x0000000008001c44                HAL_DMA_IRQHandler
 .text.DMA_SetConfig
                0x0000000008001f58       0x5c ./Drivers/STM32F4xx_HAL_Driver/Src/stm32f4xx_hal_dma.o
 .text.DMA_CalcBaseAndBitshift
                0x0000000008001fb4       0x6c ./Drivers/STM32F4xx_HAL_Driver/Src/stm32f4xx_hal_dma.o
 .text.DMA_CheckFifoParam
                0x0000000008002020       0xf8 ./Drivers/STM32F4xx_HAL_Driver/Src/stm32f4xx_hal_dma.o
 .text.HAL_GPIO_Init
                0x0000000008002118      0x338 ./Drivers/STM32F4xx_HAL_Driver/Src/stm32f4xx_hal_gpio.o
                0x0000000008002118                HAL_GPIO_Init
 .text.HAL_GPIO_ReadPin
                0x0000000008002450       0x30 ./Drivers/STM32F4xx_HAL_Driver/Src/stm32f4xx_hal_gpio.o
                0x0000000008002450                HAL_GPIO_ReadPin
 .text.HAL_GPIO_WritePin
                0x0000000008002480       0x32 ./Drivers/STM32F4xx_HAL_Driver/Src/stm32f4xx_hal_gpio.o
                0x0000000008002480                HAL_GPIO_WritePin
 .text.HAL_HCD_Init
                0x00000000080024b2       0xc4 ./Drivers/STM32F4xx_HAL_Driver/Src/stm32f4xx_hal_hcd.o
                0x00000000080024b2                HAL_HCD_Init
 .text.HAL_HCD_HC_Init
                0x0000000008002576      0x11e ./Drivers/STM32F4xx_HAL_Driver/Src/stm32f4xx_hal_hcd.o
                0x0000000008002576                HAL_HCD_HC_Init
 .text.HAL_HCD_HC_Halt
                0x0000000008002694       0x46 ./Drivers/STM32F4xx_HAL_Driver/Src/stm32f4xx_hal_hcd.o
                0x0000000008002694                HAL_HCD_HC_Halt
 *fill*         0x00000000080026da        0x2 
 .text.HAL_HCD_HC_SubmitRequest
                0x00000000080026dc      0x2ac ./Drivers/STM32F4xx_HAL_Driver/Src/stm32f4xx_hal_hcd.o
                0x00000000080026dc                HAL_HCD_HC_SubmitRequest
 .text.HAL_HCD_IRQHandler
                0x0000000008002988      0x216 ./Drivers/STM32F4xx_HAL_Driver/Src/stm32f4xx_hal_hcd.o
                0x0000000008002988                HAL_HCD_IRQHandler
 .text.HAL_HCD_Start
                0x0000000008002b9e       0x46 ./Drivers/STM32F4xx_HAL_Driver/Src/stm32f4xx_hal_hcd.o
                0x0000000008002b9e                HAL_HCD_Start
 .text.HAL_HCD_Stop
                0x0000000008002be4       0x3a ./Drivers/STM32F4xx_HAL_Driver/Src/stm32f4xx_hal_hcd.o
                0x0000000008002be4                HAL_HCD_Stop
 .text.HAL_HCD_ResetPort
                0x0000000008002c1e       0x1c ./Drivers/STM32F4xx_HAL_Driver/Src/stm32f4xx_hal_hcd.o
                0x0000000008002c1e                HAL_HCD_ResetPort
 .text.HAL_HCD_HC_GetURBState
                0x0000000008002c3a       0x28 ./Drivers/STM32F4xx_HAL_Driver/Src/stm32f4xx_hal_hcd.o
                0x0000000008002c3a                HAL_HCD_HC_GetURBState
 .text.HAL_HCD_HC_GetXferCount
                0x0000000008002c62       0x28 ./Drivers/STM32F4xx_HAL_Driver/Src/stm32f4xx_hal_hcd.o
                0x0000000008002c62                HAL_HCD_HC_GetXferCount
 .text.HAL_HCD_GetCurrentFrame
                0x0000000008002c8a       0x1c ./Drivers/STM32F4xx_HAL_Driver/Src/stm32f4xx_hal_hcd.o
                0x0000000008002c8a                HAL_HCD_GetCurrentFrame
 .text.HAL_HCD_GetCurrentSpeed
                0x0000000008002ca6       0x1c ./Drivers/STM32F4xx_HAL_Driver/Src/stm32f4xx_hal_hcd.o
                0x0000000008002ca6                HAL_HCD_GetCurrentSpeed
 .text.HCD_HC_IN_IRQHandler
                0x0000000008002cc2      0x844 ./Drivers/STM32F4xx_HAL_Driver/Src/stm32f4xx_hal_hcd.o
 .text.HCD_HC_OUT_IRQHandler
                0x0000000008003506      0x802 ./Drivers/STM32F4xx_HAL_Driver/Src/stm32f4xx_hal_hcd.o
 .text.HCD_RXQLVL_IRQHandler
                0x0000000008003d08      0x1a4 ./Drivers/STM32F4xx_HAL_Driver/Src/stm32f4xx_hal_hcd.o
 .text.HCD_Port_IRQHandler
                0x0000000008003eac       0xe6 ./Drivers/STM32F4xx_HAL_Driver/Src/stm32f4xx_hal_hcd.o
 *fill*         0x0000000008003f92        0x2 
 .text.HAL_I2C_Init
                0x0000000008003f94      0x288 ./Drivers/STM32F4xx_HAL_Driver/Src/stm32f4xx_hal_i2c.o
                0x0000000008003f94                HAL_I2C_Init
 .text.HAL_I2C_Master_Transmit
                0x000000000800421c      0x1fc ./Drivers/STM32F4xx_HAL_Driver/Src/stm32f4xx_hal_i2c.o
                0x000000000800421c                HAL_I2C_Master_Transmit
 .text.HAL_I2C_Master_Receive
                0x0000000008004418      0x44c ./Drivers/STM32F4xx_HAL_Driver/Src/stm32f4xx_hal_i2c.o
                0x0000000008004418                HAL_I2C_Master_Receive
 .text.I2C_MasterRequestWrite
                0x0000000008004864      0x104 ./Drivers/STM32F4xx_HAL_Driver/Src/stm32f4xx_hal_i2c.o
 .text.I2C_MasterRequestRead
                0x0000000008004968      0x19c ./Drivers/STM32F4xx_HAL_Driver/Src/stm32f4xx_hal_i2c.o
 .text.I2C_WaitOnFlagUntilTimeout
                0x0000000008004b04       0xae ./Drivers/STM32F4xx_HAL_Driver/Src/stm32f4xx_hal_i2c.o
 .text.I2C_WaitOnMasterAddressFlagUntilTimeout
                0x0000000008004bb2       0xfe ./Drivers/STM32F4xx_HAL_Driver/Src/stm32f4xx_hal_i2c.o
 .text.I2C_WaitOnTXEFlagUntilTimeout
                0x0000000008004cb0       0x82 ./Drivers/STM32F4xx_HAL_Driver/Src/stm32f4xx_hal_i2c.o
 .text.I2C_WaitOnBTFFlagUntilTimeout
                0x0000000008004d32       0x82 ./Drivers/STM32F4xx_HAL_Driver/Src/stm32f4xx_hal_i2c.o
 .text.I2C_WaitOnRXNEFlagUntilTimeout
                0x0000000008004db4       0xac ./Drivers/STM32F4xx_HAL_Driver/Src/stm32f4xx_hal_i2c.o
 .text.I2C_IsAcknowledgeFailed
                0x0000000008004e60       0x5e ./Drivers/STM32F4xx_HAL_Driver/Src/stm32f4xx_hal_i2c.o
 *fill*         0x0000000008004ebe        0x2 
 .text.HAL_I2S_Init
                0x0000000008004ec0      0x280 ./Drivers/STM32F4xx_HAL_Driver/Src/stm32f4xx_hal_i2s.o
                0x0000000008004ec0                HAL_I2S_Init
 .text.HAL_I2S_Transmit_DMA
                0x0000000008005140      0x150 ./Drivers/STM32F4xx_HAL_Driver/Src/stm32f4xx_hal_i2s.o
                0x0000000008005140                HAL_I2S_Transmit_DMA
 .text.HAL_I2S_DMAPause
                0x0000000008005290       0xc4 ./Drivers/STM32F4xx_HAL_Driver/Src/stm32f4xx_hal_i2s.o
                0x0000000008005290                HAL_I2S_DMAPause
 .text.HAL_I2S_DMAResume
                0x0000000008005354      0x128 ./Drivers/STM32F4xx_HAL_Driver/Src/stm32f4xx_hal_i2s.o
                0x0000000008005354                HAL_I2S_DMAResume
 .text.HAL_I2S_DMAStop
                0x000000000800547c      0x3b4 ./Drivers/STM32F4xx_HAL_Driver/Src/stm32f4xx_hal_i2s.o
                0x000000000800547c                HAL_I2S_DMAStop
 .text.HAL_I2S_RxCpltCallback
                0x0000000008005830       0x14 ./Drivers/STM32F4xx_HAL_Driver/Src/stm32f4xx_hal_i2s.o
                0x0000000008005830                HAL_I2S_RxCpltCallback
 .text.HAL_I2S_ErrorCallback
                0x0000000008005844       0x14 ./Drivers/STM32F4xx_HAL_Driver/Src/stm32f4xx_hal_i2s.o
                0x0000000008005844                HAL_I2S_ErrorCallback
 .text.I2S_DMATxCplt
                0x0000000008005858       0x42 ./Drivers/STM32F4xx_HAL_Driver/Src/stm32f4xx_hal_i2s.o
 .text.I2S_DMATxHalfCplt
                0x000000000800589a       0x1c ./Drivers/STM32F4xx_HAL_Driver/Src/stm32f4xx_hal_i2s.o
 .text.I2S_DMAError
                0x00000000080058b6       0x4c ./Drivers/STM32F4xx_HAL_Driver/Src/stm32f4xx_hal_i2s.o
 .text.I2S_Transmit_IT
                0x0000000008005902       0x5c ./Drivers/STM32F4xx_HAL_Driver/Src/stm32f4xx_hal_i2s.o
 .text.I2S_Receive_IT
                0x000000000800595e       0x5e ./Drivers/STM32F4xx_HAL_Driver/Src/stm32f4xx_hal_i2s.o
 .text.I2S_IRQHandler
                0x00000000080059bc      0x114 ./Drivers/STM32F4xx_HAL_Driver/Src/stm32f4xx_hal_i2s.o
 .text.I2S_WaitFlagStateUntilTimeout
                0x0000000008005ad0       0x72 ./Drivers/STM32F4xx_HAL_Driver/Src/stm32f4xx_hal_i2s.o
 *fill*         0x0000000008005b42        0x2 
 .text.HAL_I2SEx_FullDuplex_IRQHandler
                0x0000000008005b44      0x2a8 ./Drivers/STM32F4xx_HAL_Driver/Src/stm32f4xx_hal_i2s_ex.o
                0x0000000008005b44                HAL_I2SEx_FullDuplex_IRQHandler
 .text.HAL_I2SEx_TxRxCpltCallback
                0x0000000008005dec       0x14 ./Drivers/STM32F4xx_HAL_Driver/Src/stm32f4xx_hal_i2s_ex.o
                0x0000000008005dec                HAL_I2SEx_TxRxCpltCallback
 .text.I2SEx_TxISR_I2S
                0x0000000008005e00       0x62 ./Drivers/STM32F4xx_HAL_Driver/Src/stm32f4xx_hal_i2s_ex.o
 *fill*         0x0000000008005e62        0x2 
 .text.I2SEx_TxISR_I2SExt
                0x0000000008005e64       0x98 ./Drivers/STM32F4xx_HAL_Driver/Src/stm32f4xx_hal_i2s_ex.o
 .text.I2SEx_RxISR_I2S
                0x0000000008005efc       0x64 ./Drivers/STM32F4xx_HAL_Driver/Src/stm32f4xx_hal_i2s_ex.o
 .text.I2SEx_RxISR_I2SExt
                0x0000000008005f60       0x98 ./Drivers/STM32F4xx_HAL_Driver/Src/stm32f4xx_hal_i2s_ex.o
 .text.HAL_RCC_OscConfig
                0x0000000008005ff8      0x4f0 ./Drivers/STM32F4xx_HAL_Driver/Src/stm32f4xx_hal_rcc.o
                0x0000000008005ff8                HAL_RCC_OscConfig
 .text.HAL_RCC_ClockConfig
                0x00000000080064e8      0x1cc ./Drivers/STM32F4xx_HAL_Driver/Src/stm32f4xx_hal_rcc.o
                0x00000000080064e8                HAL_RCC_ClockConfig
 .text.HAL_RCC_GetSysClockFreq
                0x00000000080066b4      0x1c4 ./Drivers/STM32F4xx_HAL_Driver/Src/stm32f4xx_hal_rcc.o
                0x00000000080066b4                HAL_RCC_GetSysClockFreq
 .text.HAL_RCC_GetHCLKFreq
                0x0000000008006878       0x18 ./Drivers/STM32F4xx_HAL_Driver/Src/stm32f4xx_hal_rcc.o
                0x0000000008006878                HAL_RCC_GetHCLKFreq
 .text.HAL_RCC_GetPCLK1Freq
                0x0000000008006890       0x28 ./Drivers/STM32F4xx_HAL_Driver/Src/stm32f4xx_hal_rcc.o
                0x0000000008006890                HAL_RCC_GetPCLK1Freq
 .text.HAL_RCCEx_PeriphCLKConfig
                0x00000000080068b8      0x1c4 ./Drivers/STM32F4xx_HAL_Driver/Src/stm32f4xx_hal_rcc_ex.o
                0x00000000080068b8                HAL_RCCEx_PeriphCLKConfig
 .text.HAL_RCCEx_GetPeriphCLKConfig
                0x0000000008006a7c       0x58 ./Drivers/STM32F4xx_HAL_Driver/Src/stm32f4xx_hal_rcc_ex.o
                0x0000000008006a7c                HAL_RCCEx_GetPeriphCLKConfig
 .text.HAL_RCCEx_GetPeriphCLKFreq
                0x0000000008006ad4       0xbc ./Drivers/STM32F4xx_HAL_Driver/Src/stm32f4xx_hal_rcc_ex.o
                0x0000000008006ad4                HAL_RCCEx_GetPeriphCLKFreq
 .text.USB_CoreInit
                0x0000000008006b90       0xc2 ./Drivers/STM32F4xx_HAL_Driver/Src/stm32f4xx_ll_usb.o
                0x0000000008006b90                USB_CoreInit
 .text.USB_EnableGlobalInt
                0x0000000008006c52       0x22 ./Drivers/STM32F4xx_HAL_Driver/Src/stm32f4xx_ll_usb.o
                0x0000000008006c52                USB_EnableGlobalInt
 .text.USB_DisableGlobalInt
                0x0000000008006c74       0x22 ./Drivers/STM32F4xx_HAL_Driver/Src/stm32f4xx_ll_usb.o
                0x0000000008006c74                USB_DisableGlobalInt
 .text.USB_SetCurrentMode
                0x0000000008006c96       0x98 ./Drivers/STM32F4xx_HAL_Driver/Src/stm32f4xx_ll_usb.o
                0x0000000008006c96                USB_SetCurrentMode
 *fill*         0x0000000008006d2e        0x2 
 .text.USB_FlushTxFifo
                0x0000000008006d30       0x48 ./Drivers/STM32F4xx_HAL_Driver/Src/stm32f4xx_ll_usb.o
                0x0000000008006d30                USB_FlushTxFifo
 .text.USB_FlushRxFifo
                0x0000000008006d78       0x40 ./Drivers/STM32F4xx_HAL_Driver/Src/stm32f4xx_ll_usb.o
                0x0000000008006d78                USB_FlushRxFifo
 .text.USB_WritePacket
                0x0000000008006db8       0x7c ./Drivers/STM32F4xx_HAL_Driver/Src/stm32f4xx_ll_usb.o
                0x0000000008006db8                USB_WritePacket
 .text.USB_ReadPacket
                0x0000000008006e34       0xb0 ./Drivers/STM32F4xx_HAL_Driver/Src/stm32f4xx_ll_usb.o
                0x0000000008006e34                USB_ReadPacket
 .text.USB_ReadInterrupts
                0x0000000008006ee4       0x26 ./Drivers/STM32F4xx_HAL_Driver/Src/stm32f4xx_ll_usb.o
                0x0000000008006ee4                USB_ReadInterrupts
 .text.USB_GetMode
                0x0000000008006f0a       0x1c ./Drivers/STM32F4xx_HAL_Driver/Src/stm32f4xx_ll_usb.o
                0x0000000008006f0a                USB_GetMode
 *fill*         0x0000000008006f26        0x2 
 .text.USB_CoreReset
                0x0000000008006f28       0x64 ./Drivers/STM32F4xx_HAL_Driver/Src/stm32f4xx_ll_usb.o
 .text.USB_HostInit
                0x0000000008006f8c      0x168 ./Drivers/STM32F4xx_HAL_Driver/Src/stm32f4xx_ll_usb.o
                0x0000000008006f8c                USB_HostInit
 .text.USB_InitFSLSPClkSel
                0x00000000080070f4       0x74 ./Drivers/STM32F4xx_HAL_Driver/Src/stm32f4xx_ll_usb.o
                0x00000000080070f4                USB_InitFSLSPClkSel
 .text.USB_ResetPort
                0x0000000008007168       0x54 ./Drivers/STM32F4xx_HAL_Driver/Src/stm32f4xx_ll_usb.o
                0x0000000008007168                USB_ResetPort
 .text.USB_DriveVbus
                0x00000000080071bc       0x72 ./Drivers/STM32F4xx_HAL_Driver/Src/stm32f4xx_ll_usb.o
                0x00000000080071bc                USB_DriveVbus
 .text.USB_GetHostSpeed
                0x000000000800722e       0x2e ./Drivers/STM32F4xx_HAL_Driver/Src/stm32f4xx_ll_usb.o
                0x000000000800722e                USB_GetHostSpeed
 .text.USB_GetCurrentFrame
                0x000000000800725c       0x22 ./Drivers/STM32F4xx_HAL_Driver/Src/stm32f4xx_ll_usb.o
                0x000000000800725c                USB_GetCurrentFrame
 *fill*         0x000000000800727e        0x2 
 .text.USB_HC_Init
                0x0000000008007280      0x21c ./Drivers/STM32F4xx_HAL_Driver/Src/stm32f4xx_ll_usb.o
                0x0000000008007280                USB_HC_Init
 .text.USB_HC_StartXfer
                0x000000000800749c      0x284 ./Drivers/STM32F4xx_HAL_Driver/Src/stm32f4xx_ll_usb.o
                0x000000000800749c                USB_HC_StartXfer
 .text.USB_HC_ReadInterrupt
                0x0000000008007720       0x22 ./Drivers/STM32F4xx_HAL_Driver/Src/stm32f4xx_ll_usb.o
                0x0000000008007720                USB_HC_ReadInterrupt
 .text.USB_HC_Halt
                0x0000000008007742      0x238 ./Drivers/STM32F4xx_HAL_Driver/Src/stm32f4xx_ll_usb.o
                0x0000000008007742                USB_HC_Halt
 *fill*         0x000000000800797a        0x2 
 .text.USB_DoPing
                0x000000000800797c       0x78 ./Drivers/STM32F4xx_HAL_Driver/Src/stm32f4xx_ll_usb.o
                0x000000000800797c                USB_DoPing
 .text.USB_StopHost
                0x00000000080079f4      0x10c ./Drivers/STM32F4xx_HAL_Driver/Src/stm32f4xx_ll_usb.o
                0x00000000080079f4                USB_StopHost
 .text.MX_FATFS_Init
                0x0000000008007b00       0x24 ./FATFS/App/fatfs.o
                0x0000000008007b00                MX_FATFS_Init
 .text.get_fattime
                0x0000000008007b24       0x10 ./FATFS/App/fatfs.o
                0x0000000008007b24                get_fattime
 .text.USBH_initialize
                0x0000000008007b34       0x18 ./FATFS/Target/usbh_diskio.o
                0x0000000008007b34                USBH_initialize
 .text.USBH_status
                0x0000000008007b4c       0x38 ./FATFS/Target/usbh_diskio.o
                0x0000000008007b4c                USBH_status
 .text.USBH_read
                0x0000000008007b84       0x74 ./FATFS/Target/usbh_diskio.o
                0x0000000008007b84                USBH_read
 .text.USBH_write
                0x0000000008007bf8       0x84 ./FATFS/Target/usbh_diskio.o
                0x0000000008007bf8                USBH_write
 .text.USBH_ioctl
                0x0000000008007c7c       0xd8 ./FATFS/Target/usbh_diskio.o
                0x0000000008007c7c                USBH_ioctl
 .text.USBH_MSC_InterfaceInit
                0x0000000008007d54      0x216 ./Middlewares/ST/STM32_USB_Host_Library/Class/MSC/Src/usbh_msc.o
 .text.USBH_MSC_InterfaceDeInit
                0x0000000008007f6a       0x8c ./Middlewares/ST/STM32_USB_Host_Library/Class/MSC/Src/usbh_msc.o
 .text.USBH_MSC_ClassRequest
                0x0000000008007ff6       0xce ./Middlewares/ST/STM32_USB_Host_Library/Class/MSC/Src/usbh_msc.o
 .text.USBH_MSC_Process
                0x00000000080080c4      0x520 ./Middlewares/ST/STM32_USB_Host_Library/Class/MSC/Src/usbh_msc.o
 .text.USBH_MSC_SOFProcess
                0x00000000080085e4       0x16 ./Middlewares/ST/STM32_USB_Host_Library/Class/MSC/Src/usbh_msc.o
 .text.USBH_MSC_RdWrProcess
                0x00000000080085fa      0x19e ./Middlewares/ST/STM32_USB_Host_Library/Class/MSC/Src/usbh_msc.o
 .text.USBH_MSC_UnitIsReady
                0x0000000008008798       0x4c ./Middlewares/ST/STM32_USB_Host_Library/Class/MSC/Src/usbh_msc.o
                0x0000000008008798                USBH_MSC_UnitIsReady
 .text.USBH_MSC_GetLUNInfo
                0x00000000080087e4       0x48 ./Middlewares/ST/STM32_USB_Host_Library/Class/MSC/Src/usbh_msc.o
                0x00000000080087e4                USBH_MSC_GetLUNInfo
 .text.USBH_MSC_Read
                0x000000000800882c       0xd2 ./Middlewares/ST/STM32_USB_Host_Library/Class/MSC/Src/usbh_msc.o
                0x000000000800882c                USBH_MSC_Read
 .text.USBH_MSC_Write
                0x00000000080088fe       0xd2 ./Middlewares/ST/STM32_USB_Host_Library/Class/MSC/Src/usbh_msc.o
                0x00000000080088fe                USBH_MSC_Write
 .text.USBH_MSC_BOT_REQ_Reset
                0x00000000080089d0       0x3a ./Middlewares/ST/STM32_USB_Host_Library/Class/MSC/Src/usbh_msc_bot.o
                0x00000000080089d0                USBH_MSC_BOT_REQ_Reset
 .text.USBH_MSC_BOT_REQ_GetMaxLUN
                0x0000000008008a0a       0x3c ./Middlewares/ST/STM32_USB_Host_Library/Class/MSC/Src/usbh_msc_bot.o
                0x0000000008008a0a                USBH_MSC_BOT_REQ_GetMaxLUN
 *fill*         0x0000000008008a46        0x2 
 .text.USBH_MSC_BOT_Init
                0x0000000008008a48       0x44 ./Middlewares/ST/STM32_USB_Host_Library/Class/MSC/Src/usbh_msc_bot.o
                0x0000000008008a48                USBH_MSC_BOT_Init
 .text.USBH_MSC_BOT_Process
                0x0000000008008a8c      0x39c ./Middlewares/ST/STM32_USB_Host_Library/Class/MSC/Src/usbh_msc_bot.o
                0x0000000008008a8c                USBH_MSC_BOT_Process
 .text.USBH_MSC_BOT_Abort
                0x0000000008008e28       0x58 ./Middlewares/ST/STM32_USB_Host_Library/Class/MSC/Src/usbh_msc_bot.o
 .text.USBH_MSC_DecodeCSW
                0x0000000008008e80       0x88 ./Middlewares/ST/STM32_USB_Host_Library/Class/MSC/Src/usbh_msc_bot.o
 .text.USBH_MSC_SCSI_TestUnitReady
                0x0000000008008f08       0x86 ./Middlewares/ST/STM32_USB_Host_Library/Class/MSC/Src/usbh_msc_scsi.o
                0x0000000008008f08                USBH_MSC_SCSI_TestUnitReady
 .text.USBH_MSC_SCSI_ReadCapacity
                0x0000000008008f8e       0xf6 ./Middlewares/ST/STM32_USB_Host_Library/Class/MSC/Src/usbh_msc_scsi.o
                0x0000000008008f8e                USBH_MSC_SCSI_ReadCapacity
 .text.USBH_MSC_SCSI_Inquiry
                0x0000000008009084      0x14a ./Middlewares/ST/STM32_USB_Host_Library/Class/MSC/Src/usbh_msc_scsi.o
                0x0000000008009084                USBH_MSC_SCSI_Inquiry
 .text.USBH_MSC_SCSI_RequestSense
                0x00000000080091ce       0xf2 ./Middlewares/ST/STM32_USB_Host_Library/Class/MSC/Src/usbh_msc_scsi.o
                0x00000000080091ce                USBH_MSC_SCSI_RequestSense
 .text.USBH_MSC_SCSI_Write
                0x00000000080092c0       0xd6 ./Middlewares/ST/STM32_USB_Host_Library/Class/MSC/Src/usbh_msc_scsi.o
                0x00000000080092c0                USBH_MSC_SCSI_Write
 .text.USBH_MSC_SCSI_Read
                0x0000000008009396       0xd6 ./Middlewares/ST/STM32_USB_Host_Library/Class/MSC/Src/usbh_msc_scsi.o
                0x0000000008009396                USBH_MSC_SCSI_Read
 .text.USBH_Init
                0x000000000800946c       0x74 ./Middlewares/ST/STM32_USB_Host_Library/Core/Src/usbh_core.o
                0x000000000800946c                USBH_Init
 .text.DeInitStateMachine
                0x00000000080094e0       0xa8 ./Middlewares/ST/STM32_USB_Host_Library/Core/Src/usbh_core.o
 .text.USBH_RegisterClass
                0x0000000008009588       0x54 ./Middlewares/ST/STM32_USB_Host_Library/Core/Src/usbh_core.o
                0x0000000008009588                USBH_RegisterClass
 .text.USBH_SelectInterface
                0x00000000080095dc       0x38 ./Middlewares/ST/STM32_USB_Host_Library/Core/Src/usbh_core.o
                0x00000000080095dc                USBH_SelectInterface
 .text.USBH_FindInterface
                0x0000000008009614       0x8c ./Middlewares/ST/STM32_USB_Host_Library/Core/Src/usbh_core.o
                0x0000000008009614                USBH_FindInterface
 .text.USBH_Start
                0x00000000080096a0       0x20 ./Middlewares/ST/STM32_USB_Host_Library/Core/Src/usbh_core.o
                0x00000000080096a0                USBH_Start
 .text.USBH_Process
                0x00000000080096c0      0x3c0 ./Middlewares/ST/STM32_USB_Host_Library/Core/Src/usbh_core.o
                0x00000000080096c0                USBH_Process
 .text.USBH_HandleEnum
                0x0000000008009a80      0x3c8 ./Middlewares/ST/STM32_USB_Host_Library/Core/Src/usbh_core.o
 .text.USBH_LL_SetTimer
                0x0000000008009e48       0x1e ./Middlewares/ST/STM32_USB_Host_Library/Core/Src/usbh_core.o
                0x0000000008009e48                USBH_LL_SetTimer
 .text.USBH_LL_IncTimer
                0x0000000008009e66       0x24 ./Middlewares/ST/STM32_USB_Host_Library/Core/Src/usbh_core.o
                0x0000000008009e66                USBH_LL_IncTimer
 .text.USBH_HandleSof
                0x0000000008009e8a       0x30 ./Middlewares/ST/STM32_USB_Host_Library/Core/Src/usbh_core.o
 .text.USBH_LL_PortEnabled
                0x0000000008009eba       0x1c ./Middlewares/ST/STM32_USB_Host_Library/Core/Src/usbh_core.o
                0x0000000008009eba                USBH_LL_PortEnabled
 .text.USBH_LL_PortDisabled
                0x0000000008009ed6       0x1c ./Middlewares/ST/STM32_USB_Host_Library/Core/Src/usbh_core.o
                0x0000000008009ed6                USBH_LL_PortDisabled
 .text.USBH_LL_Connect
                0x0000000008009ef2       0x2e ./Middlewares/ST/STM32_USB_Host_Library/Core/Src/usbh_core.o
                0x0000000008009ef2                USBH_LL_Connect
 .text.USBH_LL_Disconnect
                0x0000000008009f20       0x48 ./Middlewares/ST/STM32_USB_Host_Library/Core/Src/usbh_core.o
                0x0000000008009f20                USBH_LL_Disconnect
 .text.USBH_Get_DevDesc
                0x0000000008009f68       0x50 ./Middlewares/ST/STM32_USB_Host_Library/Core/Src/usbh_ctlreq.o
                0x0000000008009f68                USBH_Get_DevDesc
 .text.USBH_Get_CfgDesc
                0x0000000008009fb8       0x48 ./Middlewares/ST/STM32_USB_Host_Library/Core/Src/usbh_ctlreq.o
                0x0000000008009fb8                USBH_Get_CfgDesc
 .text.USBH_Get_StringDesc
                0x000000000800a000       0x56 ./Middlewares/ST/STM32_USB_Host_Library/Core/Src/usbh_ctlreq.o
                0x000000000800a000                USBH_Get_StringDesc
 .text.USBH_GetDescriptor
                0x000000000800a056       0x6a ./Middlewares/ST/STM32_USB_Host_Library/Core/Src/usbh_ctlreq.o
                0x000000000800a056                USBH_GetDescriptor
 .text.USBH_SetAddress
                0x000000000800a0c0       0x48 ./Middlewares/ST/STM32_USB_Host_Library/Core/Src/usbh_ctlreq.o
                0x000000000800a0c0                USBH_SetAddress
 .text.USBH_SetCfg
                0x000000000800a108       0x46 ./Middlewares/ST/STM32_USB_Host_Library/Core/Src/usbh_ctlreq.o
                0x000000000800a108                USBH_SetCfg
 .text.USBH_SetFeature
                0x000000000800a14e       0x48 ./Middlewares/ST/STM32_USB_Host_Library/Core/Src/usbh_ctlreq.o
                0x000000000800a14e                USBH_SetFeature
 .text.USBH_ClrFeature
                0x000000000800a196       0x48 ./Middlewares/ST/STM32_USB_Host_Library/Core/Src/usbh_ctlreq.o
                0x000000000800a196                USBH_ClrFeature
 .text.USBH_ParseDevDesc
                0x000000000800a1de       0xe0 ./Middlewares/ST/STM32_USB_Host_Library/Core/Src/usbh_ctlreq.o
 .text.USBH_ParseCfgDesc
                0x000000000800a2be      0x144 ./Middlewares/ST/STM32_USB_Host_Library/Core/Src/usbh_ctlreq.o
 .text.USBH_ParseInterfaceDesc
                0x000000000800a402       0x5e ./Middlewares/ST/STM32_USB_Host_Library/Core/Src/usbh_ctlreq.o
 .text.USBH_ParseEPDesc
                0x000000000800a460       0x5a ./Middlewares/ST/STM32_USB_Host_Library/Core/Src/usbh_ctlreq.o
 .text.USBH_ParseStringDesc
                0x000000000800a4ba       0x66 ./Middlewares/ST/STM32_USB_Host_Library/Core/Src/usbh_ctlreq.o
 .text.USBH_GetNextDesc
                0x000000000800a520       0x36 ./Middlewares/ST/STM32_USB_Host_Library/Core/Src/usbh_ctlreq.o
                0x000000000800a520                USBH_GetNextDesc
 .text.USBH_CtlReq
                0x000000000800a556       0x7a ./Middlewares/ST/STM32_USB_Host_Library/Core/Src/usbh_ctlreq.o
                0x000000000800a556                USBH_CtlReq
 .text.USBH_HandleControl
                0x000000000800a5d0      0x2e8 ./Middlewares/ST/STM32_USB_Host_Library/Core/Src/usbh_ctlreq.o
 .text.USBH_CtlSendSetup
                0x000000000800a8b8       0x34 ./Middlewares/ST/STM32_USB_Host_Library/Core/Src/usbh_ioreq.o
                0x000000000800a8b8                USBH_CtlSendSetup
 .text.USBH_CtlSendData
                0x000000000800a8ec       0x4a ./Middlewares/ST/STM32_USB_Host_Library/Core/Src/usbh_ioreq.o
                0x000000000800a8ec                USBH_CtlSendData
 .text.USBH_CtlReceiveData
                0x000000000800a936       0x3c ./Middlewares/ST/STM32_USB_Host_Library/Core/Src/usbh_ioreq.o
                0x000000000800a936                USBH_CtlReceiveData
 .text.USBH_BulkSendData
                0x000000000800a972       0x4a ./Middlewares/ST/STM32_USB_Host_Library/Core/Src/usbh_ioreq.o
                0x000000000800a972                USBH_BulkSendData
 .text.USBH_BulkReceiveData
                0x000000000800a9bc       0x3c ./Middlewares/ST/STM32_USB_Host_Library/Core/Src/usbh_ioreq.o
                0x000000000800a9bc                USBH_BulkReceiveData
 .text.USBH_OpenPipe
                0x000000000800a9f8       0x3e ./Middlewares/ST/STM32_USB_Host_Library/Core/Src/usbh_pipes.o
                0x000000000800a9f8                USBH_OpenPipe
 .text.USBH_ClosePipe
                0x000000000800aa36       0x20 ./Middlewares/ST/STM32_USB_Host_Library/Core/Src/usbh_pipes.o
                0x000000000800aa36                USBH_ClosePipe
 .text.USBH_AllocPipe
                0x000000000800aa56       0x42 ./Middlewares/ST/STM32_USB_Host_Library/Core/Src/usbh_pipes.o
                0x000000000800aa56                USBH_AllocPipe
 .text.USBH_FreePipe
                0x000000000800aa98       0x3c ./Middlewares/ST/STM32_USB_Host_Library/Core/Src/usbh_pipes.o
                0x000000000800aa98                USBH_FreePipe
 .text.USBH_GetFreePipe
                0x000000000800aad4       0x48 ./Middlewares/ST/STM32_USB_Host_Library/Core/Src/usbh_pipes.o
 .text.disk_status
                0x000000000800ab1c       0x34 ./Middlewares/Third_Party/FatFs/src/diskio.o
                0x000000000800ab1c                disk_status
 .text.disk_initialize
                0x000000000800ab50       0x4c ./Middlewares/Third_Party/FatFs/src/diskio.o
                0x000000000800ab50                disk_initialize
 .text.disk_read
                0x000000000800ab9c       0x40 ./Middlewares/Third_Party/FatFs/src/diskio.o
                0x000000000800ab9c                disk_read
 .text.disk_write
                0x000000000800abdc       0x40 ./Middlewares/Third_Party/FatFs/src/diskio.o
                0x000000000800abdc                disk_write
 .text.disk_ioctl
                0x000000000800ac1c       0x3c ./Middlewares/Third_Party/FatFs/src/diskio.o
                0x000000000800ac1c                disk_ioctl
 .text.ld_word  0x000000000800ac58       0x30 ./Middlewares/Third_Party/FatFs/src/ff.o
 .text.ld_dword
                0x000000000800ac88       0x46 ./Middlewares/Third_Party/FatFs/src/ff.o
 .text.st_word  0x000000000800acce       0x36 ./Middlewares/Third_Party/FatFs/src/ff.o
 .text.st_dword
                0x000000000800ad04       0x58 ./Middlewares/Third_Party/FatFs/src/ff.o
 .text.mem_cpy  0x000000000800ad5c       0x42 ./Middlewares/Third_Party/FatFs/src/ff.o
 .text.mem_set  0x000000000800ad9e       0x36 ./Middlewares/Third_Party/FatFs/src/ff.o
 .text.mem_cmp  0x000000000800add4       0x4e ./Middlewares/Third_Party/FatFs/src/ff.o
 .text.chk_chr  0x000000000800ae22       0x36 ./Middlewares/Third_Party/FatFs/src/ff.o
 .text.chk_lock
                0x000000000800ae58       0xb8 ./Middlewares/Third_Party/FatFs/src/ff.o
 .text.enq_lock
                0x000000000800af10       0x44 ./Middlewares/Third_Party/FatFs/src/ff.o
 .text.inc_lock
                0x000000000800af54      0x11c ./Middlewares/Third_Party/FatFs/src/ff.o
 .text.dec_lock
                0x000000000800b070       0x78 ./Middlewares/Third_Party/FatFs/src/ff.o
 .text.clear_lock
                0x000000000800b0e8       0x48 ./Middlewares/Third_Party/FatFs/src/ff.o
 .text.sync_window
                0x000000000800b130       0x88 ./Middlewares/Third_Party/FatFs/src/ff.o
 .text.move_window
                0x000000000800b1b8       0x5a ./Middlewares/Third_Party/FatFs/src/ff.o
 *fill*         0x000000000800b212        0x2 
 .text.sync_fs  0x000000000800b214       0xdc ./Middlewares/Third_Party/FatFs/src/ff.o
 .text.clust2sect
                0x000000000800b2f0       0x3e ./Middlewares/Third_Party/FatFs/src/ff.o
 .text.get_fat  0x000000000800b32e      0x150 ./Middlewares/Third_Party/FatFs/src/ff.o
 .text.put_fat  0x000000000800b47e      0x1d8 ./Middlewares/Third_Party/FatFs/src/ff.o
 .text.remove_chain
                0x000000000800b656       0xca ./Middlewares/Third_Party/FatFs/src/ff.o
 .text.create_chain
                0x000000000800b720      0x130 ./Middlewares/Third_Party/FatFs/src/ff.o
 .text.clmt_clust
                0x000000000800b850       0x68 ./Middlewares/Third_Party/FatFs/src/ff.o
 .text.dir_sdi  0x000000000800b8b8       0xf6 ./Middlewares/Third_Party/FatFs/src/ff.o
 .text.dir_next
                0x000000000800b9ae      0x18a ./Middlewares/Third_Party/FatFs/src/ff.o
 .text.dir_alloc
                0x000000000800bb38       0x8e ./Middlewares/Third_Party/FatFs/src/ff.o
 .text.ld_clust
                0x000000000800bbc6       0x3e ./Middlewares/Third_Party/FatFs/src/ff.o
 .text.st_clust
                0x000000000800bc04       0x40 ./Middlewares/Third_Party/FatFs/src/ff.o
 .text.dir_find
                0x000000000800bc44       0xaa ./Middlewares/Third_Party/FatFs/src/ff.o
 .text.dir_register
                0x000000000800bcee       0x64 ./Middlewares/Third_Party/FatFs/src/ff.o
 *fill*         0x000000000800bd52        0x2 
 .text.create_name
                0x000000000800bd54      0x128 ./Middlewares/Third_Party/FatFs/src/ff.o
 .text.follow_path
                0x000000000800be7c       0xe2 ./Middlewares/Third_Party/FatFs/src/ff.o
 .text.get_ldnumber
                0x000000000800bf5e       0x88 ./Middlewares/Third_Party/FatFs/src/ff.o
 *fill*         0x000000000800bfe6        0x2 
 .text.check_fs
                0x000000000800bfe8       0xac ./Middlewares/Third_Party/FatFs/src/ff.o
 .text.find_volume
                0x000000000800c094      0x498 ./Middlewares/Third_Party/FatFs/src/ff.o
 .text.validate
                0x000000000800c52c       0x6a ./Middlewares/Third_Party/FatFs/src/ff.o
 *fill*         0x000000000800c596        0x2 
 .text.f_mount  0x000000000800c598       0x8c ./Middlewares/Third_Party/FatFs/src/ff.o
                0x000000000800c598                f_mount
 .text.f_open   0x000000000800c624      0x37c ./Middlewares/Third_Party/FatFs/src/ff.o
                0x000000000800c624                f_open
 .text.f_read   0x000000000800c9a0      0x27e ./Middlewares/Third_Party/FatFs/src/ff.o
                0x000000000800c9a0                f_read
 .text.f_sync   0x000000000800cc1e       0xfc ./Middlewares/Third_Party/FatFs/src/ff.o
                0x000000000800cc1e                f_sync
 .text.f_close  0x000000000800cd1a       0x54 ./Middlewares/Third_Party/FatFs/src/ff.o
                0x000000000800cd1a                f_close
 .text.f_lseek  0x000000000800cd6e      0x412 ./Middlewares/Third_Party/FatFs/src/ff.o
                0x000000000800cd6e                f_lseek
 .text.FATFS_LinkDriverEx
                0x000000000800d180       0x98 ./Middlewares/Third_Party/FatFs/src/ff_gen_drv.o
                0x000000000800d180                FATFS_LinkDriverEx
 .text.FATFS_LinkDriver
                0x000000000800d218       0x1e ./Middlewares/Third_Party/FatFs/src/ff_gen_drv.o
                0x000000000800d218                FATFS_LinkDriver
 *fill*         0x000000000800d236        0x2 
 .text.MX_USB_HOST_Init
                0x000000000800d238       0x4c ./USB_HOST/App/usb_host.o
                0x000000000800d238                MX_USB_HOST_Init
 .text.MX_USB_HOST_Process
                0x000000000800d284       0x14 ./USB_HOST/App/usb_host.o
                0x000000000800d284                MX_USB_HOST_Process
 .text.USBH_UserProcess
                0x000000000800d298       0x5c ./USB_HOST/App/usb_host.o
 .text.HAL_HCD_MspInit
                0x000000000800d2f4       0xc4 ./USB_HOST/Target/usbh_conf.o
                0x000000000800d2f4                HAL_HCD_MspInit
 .text.HAL_HCD_SOF_Callback
                0x000000000800d3b8       0x1c ./USB_HOST/Target/usbh_conf.o
                0x000000000800d3b8                HAL_HCD_SOF_Callback
 .text.HAL_HCD_Connect_Callback
                0x000000000800d3d4       0x1c ./USB_HOST/Target/usbh_conf.o
                0x000000000800d3d4                HAL_HCD_Connect_Callback
 .text.HAL_HCD_Disconnect_Callback
                0x000000000800d3f0       0x1c ./USB_HOST/Target/usbh_conf.o
                0x000000000800d3f0                HAL_HCD_Disconnect_Callback
 .text.HAL_HCD_HC_NotifyURBChange_Callback
                0x000000000800d40c       0x1c ./USB_HOST/Target/usbh_conf.o
                0x000000000800d40c                HAL_HCD_HC_NotifyURBChange_Callback
 .text.HAL_HCD_PortEnabled_Callback
                0x000000000800d428       0x1c ./USB_HOST/Target/usbh_conf.o
                0x000000000800d428                HAL_HCD_PortEnabled_Callback
 .text.HAL_HCD_PortDisabled_Callback
                0x000000000800d444       0x1c ./USB_HOST/Target/usbh_conf.o
                0x000000000800d444                HAL_HCD_PortDisabled_Callback
 .text.USBH_LL_Init
                0x000000000800d460       0x78 ./USB_HOST/Target/usbh_conf.o
                0x000000000800d460                USBH_LL_Init
 .text.USBH_LL_Start
                0x000000000800d4d8       0x36 ./USB_HOST/Target/usbh_conf.o
                0x000000000800d4d8                USBH_LL_Start
 .text.USBH_LL_Stop
                0x000000000800d50e       0x36 ./USB_HOST/Target/usbh_conf.o
                0x000000000800d50e                USBH_LL_Stop
 .text.USBH_LL_GetSpeed
                0x000000000800d544       0x4e ./USB_HOST/Target/usbh_conf.o
                0x000000000800d544                USBH_LL_GetSpeed
 .text.USBH_LL_ResetPort
                0x000000000800d592       0x36 ./USB_HOST/Target/usbh_conf.o
                0x000000000800d592                USBH_LL_ResetPort
 .text.USBH_LL_GetLastXferSize
                0x000000000800d5c8       0x26 ./USB_HOST/Target/usbh_conf.o
                0x000000000800d5c8                USBH_LL_GetLastXferSize
 .text.USBH_LL_OpenPipe
                0x000000000800d5ee       0x5e ./USB_HOST/Target/usbh_conf.o
                0x000000000800d5ee                USBH_LL_OpenPipe
 .text.USBH_LL_ClosePipe
                0x000000000800d64c       0x3e ./USB_HOST/Target/usbh_conf.o
                0x000000000800d64c                USBH_LL_ClosePipe
 .text.USBH_LL_SubmitURB
                0x000000000800d68a       0x62 ./USB_HOST/Target/usbh_conf.o
                0x000000000800d68a                USBH_LL_SubmitURB
 .text.USBH_LL_GetURBState
                0x000000000800d6ec       0x26 ./USB_HOST/Target/usbh_conf.o
                0x000000000800d6ec                USBH_LL_GetURBState
 .text.USBH_LL_DriverVBUS
                0x000000000800d712       0x1c ./USB_HOST/Target/usbh_conf.o
                0x000000000800d712                USBH_LL_DriverVBUS
 .text.USBH_LL_SetToggle
                0x000000000800d72e       0x60 ./USB_HOST/Target/usbh_conf.o
                0x000000000800d72e                USBH_LL_SetToggle
 .text.USBH_LL_GetToggle
                0x000000000800d78e       0x60 ./USB_HOST/Target/usbh_conf.o
                0x000000000800d78e                USBH_LL_GetToggle
 .text.USBH_Delay
                0x000000000800d7ee       0x16 ./USB_HOST/Target/usbh_conf.o
                0x000000000800d7ee                USBH_Delay
 .text.USBH_Get_USB_Status
                0x000000000800d804       0x58 ./USB_HOST/Target/usbh_conf.o
                0x000000000800d804                USBH_Get_USB_Status
 .text.__errno  0x000000000800d85c        0xc d:/stm32cubeide_1.8.0/stm32cubeide/plugins/com.st.stm32cube.ide.mcu.externaltools.gnu-tools-for-stm32.9-2020-q2-update.win32_2.0.0.202105311346/tools/bin/../lib/gcc/arm-none-eabi/9.3.1/../../../../arm-none-eabi/lib/thumb/v7e-m+fp/hard\libc_nano.a(lib_a-errno.o)
                0x000000000800d85c                __errno
 .text.__libc_init_array
                0x000000000800d868       0x48 d:/stm32cubeide_1.8.0/stm32cubeide/plugins/com.st.stm32cube.ide.mcu.externaltools.gnu-tools-for-stm32.9-2020-q2-update.win32_2.0.0.202105311346/tools/bin/../lib/gcc/arm-none-eabi/9.3.1/../../../../arm-none-eabi/lib/thumb/v7e-m+fp/hard\libc_nano.a(lib_a-init.o)
                0x000000000800d868                __libc_init_array
 .text.malloc   0x000000000800d8b0       0x10 d:/stm32cubeide_1.8.0/stm32cubeide/plugins/com.st.stm32cube.ide.mcu.externaltools.gnu-tools-for-stm32.9-2020-q2-update.win32_2.0.0.202105311346/tools/bin/../lib/gcc/arm-none-eabi/9.3.1/../../../../arm-none-eabi/lib/thumb/v7e-m+fp/hard\libc_nano.a(lib_a-malloc.o)
                0x000000000800d8b0                malloc
 .text.free     0x000000000800d8c0       0x10 d:/stm32cubeide_1.8.0/stm32cubeide/plugins/com.st.stm32cube.ide.mcu.externaltools.gnu-tools-for-stm32.9-2020-q2-update.win32_2.0.0.202105311346/tools/bin/../lib/gcc/arm-none-eabi/9.3.1/../../../../arm-none-eabi/lib/thumb/v7e-m+fp/hard\libc_nano.a(lib_a-malloc.o)
                0x000000000800d8c0                free
 .text.memcpy   0x000000000800d8d0       0x1c d:/stm32cubeide_1.8.0/stm32cubeide/plugins/com.st.stm32cube.ide.mcu.externaltools.gnu-tools-for-stm32.9-2020-q2-update.win32_2.0.0.202105311346/tools/bin/../lib/gcc/arm-none-eabi/9.3.1/../../../../arm-none-eabi/lib/thumb/v7e-m+fp/hard\libc_nano.a(lib_a-memcpy-stub.o)
                0x000000000800d8d0                memcpy
 .text.memset   0x000000000800d8ec       0x10 d:/stm32cubeide_1.8.0/stm32cubeide/plugins/com.st.stm32cube.ide.mcu.externaltools.gnu-tools-for-stm32.9-2020-q2-update.win32_2.0.0.202105311346/tools/bin/../lib/gcc/arm-none-eabi/9.3.1/../../../../arm-none-eabi/lib/thumb/v7e-m+fp/hard\libc_nano.a(lib_a-memset.o)
                0x000000000800d8ec                memset
 .text._free_r  0x000000000800d8fc       0xa0 d:/stm32cubeide_1.8.0/stm32cubeide/plugins/com.st.stm32cube.ide.mcu.externaltools.gnu-tools-for-stm32.9-2020-q2-update.win32_2.0.0.202105311346/tools/bin/../lib/gcc/arm-none-eabi/9.3.1/../../../../arm-none-eabi/lib/thumb/v7e-m+fp/hard\libc_nano.a(lib_a-nano-freer.o)
                0x000000000800d8fc                _free_r
 .text._malloc_r
                0x000000000800d99c       0xb4 d:/stm32cubeide_1.8.0/stm32cubeide/plugins/com.st.stm32cube.ide.mcu.externaltools.gnu-tools-for-stm32.9-2020-q2-update.win32_2.0.0.202105311346/tools/bin/../lib/gcc/arm-none-eabi/9.3.1/../../../../arm-none-eabi/lib/thumb/v7e-m+fp/hard\libc_nano.a(lib_a-nano-mallocr.o)
                0x000000000800d99c                _malloc_r
 .text._sbrk_r  0x000000000800da50       0x20 d:/stm32cubeide_1.8.0/stm32cubeide/plugins/com.st.stm32cube.ide.mcu.externaltools.gnu-tools-for-stm32.9-2020-q2-update.win32_2.0.0.202105311346/tools/bin/../lib/gcc/arm-none-eabi/9.3.1/../../../../arm-none-eabi/lib/thumb/v7e-m+fp/hard\libc_nano.a(lib_a-sbrkr.o)
                0x000000000800da50                _sbrk_r
 .text.__malloc_lock
                0x000000000800da70        0xc d:/stm32cubeide_1.8.0/stm32cubeide/plugins/com.st.stm32cube.ide.mcu.externaltools.gnu-tools-for-stm32.9-2020-q2-update.win32_2.0.0.202105311346/tools/bin/../lib/gcc/arm-none-eabi/9.3.1/../../../../arm-none-eabi/lib/thumb/v7e-m+fp/hard\libc_nano.a(lib_a-mlock.o)
                0x000000000800da70                __malloc_lock
 .text.__malloc_unlock
                0x000000000800da7c        0xc d:/stm32cubeide_1.8.0/stm32cubeide/plugins/com.st.stm32cube.ide.mcu.externaltools.gnu-tools-for-stm32.9-2020-q2-update.win32_2.0.0.202105311346/tools/bin/../lib/gcc/arm-none-eabi/9.3.1/../../../../arm-none-eabi/lib/thumb/v7e-m+fp/hard\libc_nano.a(lib_a-mlock.o)
                0x000000000800da7c                __malloc_unlock
 .text.__retarget_lock_acquire_recursive
                0x000000000800da88        0x2 d:/stm32cubeide_1.8.0/stm32cubeide/plugins/com.st.stm32cube.ide.mcu.externaltools.gnu-tools-for-stm32.9-2020-q2-update.win32_2.0.0.202105311346/tools/bin/../lib/gcc/arm-none-eabi/9.3.1/../../../../arm-none-eabi/lib/thumb/v7e-m+fp/hard\libc_nano.a(lib_a-lock.o)
                0x000000000800da88                __retarget_lock_acquire_recursive
 .text.__retarget_lock_release_recursive
                0x000000000800da8a        0x2 d:/stm32cubeide_1.8.0/stm32cubeide/plugins/com.st.stm32cube.ide.mcu.externaltools.gnu-tools-for-stm32.9-2020-q2-update.win32_2.0.0.202105311346/tools/bin/../lib/gcc/arm-none-eabi/9.3.1/../../../../arm-none-eabi/lib/thumb/v7e-m+fp/hard\libc_nano.a(lib_a-lock.o)
                0x000000000800da8a                __retarget_lock_release_recursive
 *(.glue_7)
 .glue_7        0x000000000800da8c        0x0 linker stubs
 *(.glue_7t)
 .glue_7t       0x000000000800da8c        0x0 linker stubs
 *(.eh_frame)
 .eh_frame      0x000000000800da8c        0x0 d:/stm32cubeide_1.8.0/stm32cubeide/plugins/com.st.stm32cube.ide.mcu.externaltools.gnu-tools-for-stm32.9-2020-q2-update.win32_2.0.0.202105311346/tools/bin/../lib/gcc/arm-none-eabi/9.3.1/thumb/v7e-m+fp/hard/crtbegin.o
 *(.init)
 .init          0x000000000800da8c        0x4 d:/stm32cubeide_1.8.0/stm32cubeide/plugins/com.st.stm32cube.ide.mcu.externaltools.gnu-tools-for-stm32.9-2020-q2-update.win32_2.0.0.202105311346/tools/bin/../lib/gcc/arm-none-eabi/9.3.1/thumb/v7e-m+fp/hard/crti.o
                0x000000000800da8c                _init
 .init          0x000000000800da90        0x8 d:/stm32cubeide_1.8.0/stm32cubeide/plugins/com.st.stm32cube.ide.mcu.externaltools.gnu-tools-for-stm32.9-2020-q2-update.win32_2.0.0.202105311346/tools/bin/../lib/gcc/arm-none-eabi/9.3.1/thumb/v7e-m+fp/hard/crtn.o
 *(.fini)
 .fini          0x000000000800da98        0x4 d:/stm32cubeide_1.8.0/stm32cubeide/plugins/com.st.stm32cube.ide.mcu.externaltools.gnu-tools-for-stm32.9-2020-q2-update.win32_2.0.0.202105311346/tools/bin/../lib/gcc/arm-none-eabi/9.3.1/thumb/v7e-m+fp/hard/crti.o
                0x000000000800da98                _fini
 .fini          0x000000000800da9c        0x8 d:/stm32cubeide_1.8.0/stm32cubeide/plugins/com.st.stm32cube.ide.mcu.externaltools.gnu-tools-for-stm32.9-2020-q2-update.win32_2.0.0.202105311346/tools/bin/../lib/gcc/arm-none-eabi/9.3.1/thumb/v7e-m+fp/hard/crtn.o
                0x000000000800daa4                . = ALIGN (0x4)
                0x000000000800daa4                _etext = .

.vfp11_veneer   0x000000000800daa4        0x0
 .vfp11_veneer  0x000000000800daa4        0x0 linker stubs

.v4_bx          0x000000000800daa4        0x0
 .v4_bx         0x000000000800daa4        0x0 linker stubs

.iplt           0x000000000800daa4        0x0
 .iplt          0x000000000800daa4        0x0 d:/stm32cubeide_1.8.0/stm32cubeide/plugins/com.st.stm32cube.ide.mcu.externaltools.gnu-tools-for-stm32.9-2020-q2-update.win32_2.0.0.202105311346/tools/bin/../lib/gcc/arm-none-eabi/9.3.1/thumb/v7e-m+fp/hard/crtbegin.o

.rodata         0x000000000800daa4      0x16c
                0x000000000800daa4                . = ALIGN (0x4)
 *(.rodata)
 .rodata        0x000000000800daa4       0x10 ./Core/Src/main.o
 .rodata        0x000000000800dab4        0x4 ./Middlewares/ST/STM32_USB_Host_Library/Class/MSC/Src/usbh_msc.o
 .rodata        0x000000000800dab8       0x44 ./Middlewares/Third_Party/FatFs/src/ff.o
 *(.rodata*)
 .rodata.I2SFreq
                0x000000000800dafc       0x20 ./Audio/audioI2S.o
                0x000000000800dafc                I2SFreq
 .rodata.I2SPLLN
                0x000000000800db1c       0x20 ./Audio/audioI2S.o
                0x000000000800db1c                I2SPLLN
 .rodata.I2SPLLR
                0x000000000800db3c       0x20 ./Audio/audioI2S.o
                0x000000000800db3c                I2SPLLR
 .rodata.AHBPrescTable
                0x000000000800db5c       0x10 ./Core/Src/system_stm32f4xx.o
                0x000000000800db5c                AHBPrescTable
 .rodata.APBPrescTable
                0x000000000800db6c        0x8 ./Core/Src/system_stm32f4xx.o
                0x000000000800db6c                APBPrescTable
 .rodata.flagBitshiftOffset.8288
                0x000000000800db74        0x8 ./Drivers/STM32F4xx_HAL_Driver/Src/stm32f4xx_hal_dma.o
 .rodata.USBH_Driver
                0x000000000800db7c       0x14 ./FATFS/Target/usbh_diskio.o
                0x000000000800db7c                USBH_Driver
 .rodata.ExCvt  0x000000000800db90       0x80 ./Middlewares/Third_Party/FatFs/src/ff.o
                0x000000000800dc10                . = ALIGN (0x4)

.ARM.extab      0x000000000800dc10        0x0
                0x000000000800dc10                . = ALIGN (0x4)
 *(.ARM.extab* .gnu.linkonce.armextab.*)
                0x000000000800dc10                . = ALIGN (0x4)

.ARM            0x000000000800dc10        0x8
                0x000000000800dc10                . = ALIGN (0x4)
                0x000000000800dc10                __exidx_start = .
 *(.ARM.exidx*)
 .ARM.exidx     0x000000000800dc10        0x8 d:/stm32cubeide_1.8.0/stm32cubeide/plugins/com.st.stm32cube.ide.mcu.externaltools.gnu-tools-for-stm32.9-2020-q2-update.win32_2.0.0.202105311346/tools/bin/../lib/gcc/arm-none-eabi/9.3.1/thumb/v7e-m+fp/hard\libgcc.a(_udivmoddi4.o)
                0x000000000800dc18                __exidx_end = .
                0x000000000800dc18                . = ALIGN (0x4)

.rel.dyn        0x000000000800dc18        0x0
 .rel.iplt      0x000000000800dc18        0x0 d:/stm32cubeide_1.8.0/stm32cubeide/plugins/com.st.stm32cube.ide.mcu.externaltools.gnu-tools-for-stm32.9-2020-q2-update.win32_2.0.0.202105311346/tools/bin/../lib/gcc/arm-none-eabi/9.3.1/thumb/v7e-m+fp/hard/crtbegin.o

.preinit_array  0x000000000800dc18        0x0
                0x000000000800dc18                . = ALIGN (0x4)
                0x000000000800dc18                PROVIDE (__preinit_array_start = .)
 *(.preinit_array*)
                0x000000000800dc18                PROVIDE (__preinit_array_end = .)
                0x000000000800dc18                . = ALIGN (0x4)

.init_array     0x000000000800dc18        0x4
                0x000000000800dc18                . = ALIGN (0x4)
                0x000000000800dc18                PROVIDE (__init_array_start = .)
 *(SORT_BY_NAME(.init_array.*))
 *(.init_array*)
 .init_array    0x000000000800dc18        0x4 d:/stm32cubeide_1.8.0/stm32cubeide/plugins/com.st.stm32cube.ide.mcu.externaltools.gnu-tools-for-stm32.9-2020-q2-update.win32_2.0.0.202105311346/tools/bin/../lib/gcc/arm-none-eabi/9.3.1/thumb/v7e-m+fp/hard/crtbegin.o
                0x000000000800dc1c                PROVIDE (__init_array_end = .)
                0x000000000800dc1c                . = ALIGN (0x4)

.fini_array     0x000000000800dc1c        0x4
                0x000000000800dc1c                . = ALIGN (0x4)
                [!provide]                        PROVIDE (__fini_array_start = .)
 *(SORT_BY_NAME(.fini_array.*))
 *(.fini_array*)
 .fini_array    0x000000000800dc1c        0x4 d:/stm32cubeide_1.8.0/stm32cubeide/plugins/com.st.stm32cube.ide.mcu.externaltools.gnu-tools-for-stm32.9-2020-q2-update.win32_2.0.0.202105311346/tools/bin/../lib/gcc/arm-none-eabi/9.3.1/thumb/v7e-m+fp/hard/crtbegin.o
                [!provide]                        PROVIDE (__fini_array_end = .)
                0x000000000800dc20                . = ALIGN (0x4)
                0x000000000800dc20                _sidata = LOADADDR (.data)

.data           0x0000000020000000       0x90 load address 0x000000000800dc20
                0x0000000020000000                . = ALIGN (0x4)
                0x0000000020000000                _sdata = .
 *(.data)
 *(.data*)
 .data.SystemCoreClock
                0x0000000020000000        0x4 ./Core/Src/system_stm32f4xx.o
                0x0000000020000000                SystemCoreClock
 .data.uwTickPrio
                0x0000000020000004        0x4 ./Drivers/STM32F4xx_HAL_Driver/Src/stm32f4xx_hal.o
                0x0000000020000004                uwTickPrio
 .data.uwTickFreq
                0x0000000020000008        0x1 ./Drivers/STM32F4xx_HAL_Driver/Src/stm32f4xx_hal.o
                0x0000000020000008                uwTickFreq
 *fill*         0x0000000020000009        0x3 
 .data.USBH_msc
                0x000000002000000c       0x20 ./Middlewares/ST/STM32_USB_Host_Library/Class/MSC/Src/usbh_msc.o
                0x000000002000000c                USBH_msc
 .data._impure_ptr
                0x000000002000002c        0x4 d:/stm32cubeide_1.8.0/stm32cubeide/plugins/com.st.stm32cube.ide.mcu.externaltools.gnu-tools-for-stm32.9-2020-q2-update.win32_2.0.0.202105311346/tools/bin/../lib/gcc/arm-none-eabi/9.3.1/../../../../arm-none-eabi/lib/thumb/v7e-m+fp/hard\libc_nano.a(lib_a-impure.o)
                0x000000002000002c                _impure_ptr
 .data.impure_data
                0x0000000020000030       0x60 d:/stm32cubeide_1.8.0/stm32cubeide/plugins/com.st.stm32cube.ide.mcu.externaltools.gnu-tools-for-stm32.9-2020-q2-update.win32_2.0.0.202105311346/tools/bin/../lib/gcc/arm-none-eabi/9.3.1/../../../../arm-none-eabi/lib/thumb/v7e-m+fp/hard\libc_nano.a(lib_a-impure.o)
 *(.RamFunc)
 *(.RamFunc*)
                0x0000000020000090                . = ALIGN (0x4)
                0x0000000020000090                _edata = .
                0x000000000800dcb0                _siccmram = LOADADDR (.ccmram)

.igot.plt       0x0000000020000090        0x0 load address 0x000000000800dcb0
 .igot.plt      0x0000000020000090        0x0 d:/stm32cubeide_1.8.0/stm32cubeide/plugins/com.st.stm32cube.ide.mcu.externaltools.gnu-tools-for-stm32.9-2020-q2-update.win32_2.0.0.202105311346/tools/bin/../lib/gcc/arm-none-eabi/9.3.1/thumb/v7e-m+fp/hard/crtbegin.o

.ccmram         0x0000000010000000        0x0 load address 0x000000000800dcb0
                0x0000000010000000                . = ALIGN (0x4)
                0x0000000010000000                _sccmram = .
 *(.ccmram)
 *(.ccmram*)
                0x0000000010000000                . = ALIGN (0x4)
                0x0000000010000000                _eccmram = .
                0x0000000010000000                . = ALIGN (0x4)

.bss            0x0000000020000090     0x1f50
                0x0000000020000090                _sbss = .
                0x0000000020000090                __bss_start__ = _sbss
 *(.bss)
 .bss           0x0000000020000090       0x1c d:/stm32cubeide_1.8.0/stm32cubeide/plugins/com.st.stm32cube.ide.mcu.externaltools.gnu-tools-for-stm32.9-2020-q2-update.win32_2.0.0.202105311346/tools/bin/../lib/gcc/arm-none-eabi/9.3.1/thumb/v7e-m+fp/hard/crtbegin.o
 *(.bss*)
 .bss.i2cx      0x00000000200000ac       0x54 ./Audio/MY_CS43L22.o
 .bss.hAudioI2S
                0x0000000020000100        0x4 ./Audio/audioI2S.o
 .bss.wavFile   0x0000000020000104      0x230 ./Audio/wav_player.o
 .bss.fileLength
                0x0000000020000334        0x4 ./Audio/wav_player.o
 .bss.audioBuffer
                0x0000000020000338     0x1000 ./Audio/wav_player.o
 .bss.audioRemainSize
                0x0000000020001338        0x4 ./Audio/wav_player.o
 .bss.samplingFreq
                0x000000002000133c        0x4 ./Audio/wav_player.o
 .bss.playerReadBytes
                0x0000000020001340        0x4 ./Audio/wav_player.o
 .bss.isFinished
                0x0000000020001344        0x1 ./Audio/wav_player.o
 .bss.playerControlSM
                0x0000000020001345        0x1 ./Audio/wav_player.o
 *fill*         0x0000000020001346        0x2 
 .bss.__sbrk_heap_end
                0x0000000020001348        0x4 ./Core/Src/sysmem.o
 .bss.FatFs     0x000000002000134c        0x4 ./Middlewares/Third_Party/FatFs/src/ff.o
 .bss.Fsid      0x0000000020001350        0x2 ./Middlewares/Third_Party/FatFs/src/ff.o
 *fill*         0x0000000020001352        0x2 
 .bss.Files     0x0000000020001354       0x20 ./Middlewares/Third_Party/FatFs/src/ff.o
 .bss.disk      0x0000000020001374        0xc ./Middlewares/Third_Party/FatFs/src/ff_gen_drv.o
                0x0000000020001374                disk
 .bss.Appli_state
                0x0000000020001380        0x1 ./USB_HOST/App/usb_host.o
                0x0000000020001380                Appli_state
 *fill*         0x0000000020001381        0x3 
 .bss.__malloc_free_list
                0x0000000020001384        0x4 d:/stm32cubeide_1.8.0/stm32cubeide/plugins/com.st.stm32cube.ide.mcu.externaltools.gnu-tools-for-stm32.9-2020-q2-update.win32_2.0.0.202105311346/tools/bin/../lib/gcc/arm-none-eabi/9.3.1/../../../../arm-none-eabi/lib/thumb/v7e-m+fp/hard\libc_nano.a(lib_a-nano-mallocr.o)
                0x0000000020001384                __malloc_free_list
 .bss.__malloc_sbrk_start
                0x0000000020001388        0x4 d:/stm32cubeide_1.8.0/stm32cubeide/plugins/com.st.stm32cube.ide.mcu.externaltools.gnu-tools-for-stm32.9-2020-q2-update.win32_2.0.0.202105311346/tools/bin/../lib/gcc/arm-none-eabi/9.3.1/../../../../arm-none-eabi/lib/thumb/v7e-m+fp/hard\libc_nano.a(lib_a-nano-mallocr.o)
                0x0000000020001388                __malloc_sbrk_start
 *(COMMON)
 COMMON         0x000000002000138c       0xfc ./Core/Src/main.o
                0x000000002000138c                hi2c1
                0x00000000200013e0                hdma_spi3_tx
                0x0000000020001440                hi2s3
 COMMON         0x0000000020001488        0x4 ./Drivers/STM32F4xx_HAL_Driver/Src/stm32f4xx_hal.o
                0x0000000020001488                uwTick
 COMMON         0x000000002000148c      0x465 ./FATFS/App/fatfs.o
                0x000000002000148c                USBHPath
                0x0000000020001490                USBHFile
                0x00000000200016c0                USBHFatFS
                0x00000000200018f0                retUSBH
 *fill*         0x00000000200018f1        0x3 
 COMMON         0x00000000200018f4      0x3d8 ./USB_HOST/App/usb_host.o
                0x00000000200018f4                hUsbHostFS
 COMMON         0x0000000020001ccc      0x304 ./USB_HOST/Target/usbh_conf.o
                0x0000000020001ccc                hhcd_USB_OTG_FS
 COMMON         0x0000000020001fd0        0x4 d:/stm32cubeide_1.8.0/stm32cubeide/plugins/com.st.stm32cube.ide.mcu.externaltools.gnu-tools-for-stm32.9-2020-q2-update.win32_2.0.0.202105311346/tools/bin/../lib/gcc/arm-none-eabi/9.3.1/../../../../arm-none-eabi/lib/thumb/v7e-m+fp/hard\libc_nano.a(lib_a-reent.o)
                0x0000000020001fd0                errno
 COMMON         0x0000000020001fd4        0x9 d:/stm32cubeide_1.8.0/stm32cubeide/plugins/com.st.stm32cube.ide.mcu.externaltools.gnu-tools-for-stm32.9-2020-q2-update.win32_2.0.0.202105311346/tools/bin/../lib/gcc/arm-none-eabi/9.3.1/../../../../arm-none-eabi/lib/thumb/v7e-m+fp/hard\libc_nano.a(lib_a-lock.o)
                0x0000000020001fd4                __lock___atexit_recursive_mutex
                0x0000000020001fd5                __lock___arc4random_mutex
                0x0000000020001fd6                __lock___env_recursive_mutex
                0x0000000020001fd7                __lock___sinit_recursive_mutex
                0x0000000020001fd8                __lock___malloc_recursive_mutex
                0x0000000020001fd9                __lock___at_quick_exit_mutex
                0x0000000020001fda                __lock___dd_hash_mutex
                0x0000000020001fdb                __lock___tz_mutex
                0x0000000020001fdc                __lock___sfp_recursive_mutex
                0x0000000020001fe0                . = ALIGN (0x4)
 *fill*         0x0000000020001fdd        0x3 
                0x0000000020001fe0                _ebss = .
                0x0000000020001fe0                __bss_end__ = _ebss

._user_heap_stack
                0x0000000020001fe0     0x4000
                0x0000000020001fe0                . = ALIGN (0x8)
                [!provide]                        PROVIDE (end = .)
                0x0000000020001fe0                PROVIDE (_end = .)
                0x0000000020003fe0                . = (. + _Min_Heap_Size)
 *fill*         0x0000000020001fe0     0x2000 
                0x0000000020005fe0                . = (. + _Min_Stack_Size)
 *fill*         0x0000000020003fe0     0x2000 
                0x0000000020005fe0                . = ALIGN (0x8)

/DISCARD/
 libc.a(*)
 libm.a(*)
 libgcc.a(*)

.ARM.attributes
                0x0000000000000000       0x30
 *(.ARM.attributes)
 .ARM.attributes
                0x0000000000000000       0x1e d:/stm32cubeide_1.8.0/stm32cubeide/plugins/com.st.stm32cube.ide.mcu.externaltools.gnu-tools-for-stm32.9-2020-q2-update.win32_2.0.0.202105311346/tools/bin/../lib/gcc/arm-none-eabi/9.3.1/thumb/v7e-m+fp/hard/crti.o
 .ARM.attributes
                0x000000000000001e       0x34 d:/stm32cubeide_1.8.0/stm32cubeide/plugins/com.st.stm32cube.ide.mcu.externaltools.gnu-tools-for-stm32.9-2020-q2-update.win32_2.0.0.202105311346/tools/bin/../lib/gcc/arm-none-eabi/9.3.1/thumb/v7e-m+fp/hard/crtbegin.o
 .ARM.attributes
                0x0000000000000052       0x34 ./Audio/MY_CS43L22.o
 .ARM.attributes
                0x0000000000000086       0x34 ./Audio/audioI2S.o
 .ARM.attributes
                0x00000000000000ba       0x34 ./Audio/wav_player.o
 .ARM.attributes
                0x00000000000000ee       0x34 ./Core/Src/main.o
 .ARM.attributes
                0x0000000000000122       0x34 ./Core/Src/stm32f4xx_hal_msp.o
 .ARM.attributes
                0x0000000000000156       0x34 ./Core/Src/stm32f4xx_it.o
 .ARM.attributes
                0x000000000000018a       0x34 ./Core/Src/sysmem.o
 .ARM.attributes
                0x00000000000001be       0x34 ./Core/Src/system_stm32f4xx.o
 .ARM.attributes
                0x00000000000001f2       0x21 ./Core/Startup/startup_stm32f407vgtx.o
 .ARM.attributes
                0x0000000000000213       0x34 ./Drivers/STM32F4xx_HAL_Driver/Src/stm32f4xx_hal.o
 .ARM.attributes
                0x0000000000000247       0x34 ./Drivers/STM32F4xx_HAL_Driver/Src/stm32f4xx_hal_cortex.o
 .ARM.attributes
                0x000000000000027b       0x34 ./Drivers/STM32F4xx_HAL_Driver/Src/stm32f4xx_hal_dma.o
 .ARM.attributes
                0x00000000000002af       0x34 ./Drivers/STM32F4xx_HAL_Driver/Src/stm32f4xx_hal_gpio.o
 .ARM.attributes
                0x00000000000002e3       0x34 ./Drivers/STM32F4xx_HAL_Driver/Src/stm32f4xx_hal_hcd.o
 .ARM.attributes
                0x0000000000000317       0x34 ./Drivers/STM32F4xx_HAL_Driver/Src/stm32f4xx_hal_i2c.o
 .ARM.attributes
                0x000000000000034b       0x34 ./Drivers/STM32F4xx_HAL_Driver/Src/stm32f4xx_hal_i2s.o
 .ARM.attributes
                0x000000000000037f       0x34 ./Drivers/STM32F4xx_HAL_Driver/Src/stm32f4xx_hal_i2s_ex.o
 .ARM.attributes
                0x00000000000003b3       0x34 ./Drivers/STM32F4xx_HAL_Driver/Src/stm32f4xx_hal_rcc.o
 .ARM.attributes
                0x00000000000003e7       0x34 ./Drivers/STM32F4xx_HAL_Driver/Src/stm32f4xx_hal_rcc_ex.o
 .ARM.attributes
                0x000000000000041b       0x34 ./Drivers/STM32F4xx_HAL_Driver/Src/stm32f4xx_ll_usb.o
 .ARM.attributes
                0x000000000000044f       0x34 ./FATFS/App/fatfs.o
 .ARM.attributes
                0x0000000000000483       0x34 ./FATFS/Target/usbh_diskio.o
 .ARM.attributes
                0x00000000000004b7       0x34 ./Middlewares/ST/STM32_USB_Host_Library/Class/MSC/Src/usbh_msc.o
 .ARM.attributes
                0x00000000000004eb       0x34 ./Middlewares/ST/STM32_USB_Host_Library/Class/MSC/Src/usbh_msc_bot.o
 .ARM.attributes
                0x000000000000051f       0x34 ./Middlewares/ST/STM32_USB_Host_Library/Class/MSC/Src/usbh_msc_scsi.o
 .ARM.attributes
                0x0000000000000553       0x34 ./Middlewares/ST/STM32_USB_Host_Library/Core/Src/usbh_core.o
 .ARM.attributes
                0x0000000000000587       0x34 ./Middlewares/ST/STM32_USB_Host_Library/Core/Src/usbh_ctlreq.o
 .ARM.attributes
                0x00000000000005bb       0x34 ./Middlewares/ST/STM32_USB_Host_Library/Core/Src/usbh_ioreq.o
 .ARM.attributes
                0x00000000000005ef       0x34 ./Middlewares/ST/STM32_USB_Host_Library/Core/Src/usbh_pipes.o
 .ARM.attributes
                0x0000000000000623       0x34 ./Middlewares/Third_Party/FatFs/src/diskio.o
 .ARM.attributes
                0x0000000000000657       0x34 ./Middlewares/Third_Party/FatFs/src/ff.o
 .ARM.attributes
                0x000000000000068b       0x34 ./Middlewares/Third_Party/FatFs/src/ff_gen_drv.o
 .ARM.attributes
                0x00000000000006bf       0x34 ./USB_HOST/App/usb_host.o
 .ARM.attributes
                0x00000000000006f3       0x34 ./USB_HOST/Target/usbh_conf.o
 .ARM.attributes
                0x0000000000000727       0x34 d:/stm32cubeide_1.8.0/stm32cubeide/plugins/com.st.stm32cube.ide.mcu.externaltools.gnu-tools-for-stm32.9-2020-q2-update.win32_2.0.0.202105311346/tools/bin/../lib/gcc/arm-none-eabi/9.3.1/../../../../arm-none-eabi/lib/thumb/v7e-m+fp/hard\libc_nano.a(lib_a-errno.o)
 .ARM.attributes
                0x000000000000075b       0x32 d:/stm32cubeide_1.8.0/stm32cubeide/plugins/com.st.stm32cube.ide.mcu.externaltools.gnu-tools-for-stm32.9-2020-q2-update.win32_2.0.0.202105311346/tools/bin/../lib/gcc/arm-none-eabi/9.3.1/../../../../arm-none-eabi/lib/thumb/v7e-m+fp/hard\libc_nano.a(lib_a-impure.o)
 .ARM.attributes
                0x000000000000078d       0x34 d:/stm32cubeide_1.8.0/stm32cubeide/plugins/com.st.stm32cube.ide.mcu.externaltools.gnu-tools-for-stm32.9-2020-q2-update.win32_2.0.0.202105311346/tools/bin/../lib/gcc/arm-none-eabi/9.3.1/../../../../arm-none-eabi/lib/thumb/v7e-m+fp/hard\libc_nano.a(lib_a-init.o)
 .ARM.attributes
                0x00000000000007c1       0x34 d:/stm32cubeide_1.8.0/stm32cubeide/plugins/com.st.stm32cube.ide.mcu.externaltools.gnu-tools-for-stm32.9-2020-q2-update.win32_2.0.0.202105311346/tools/bin/../lib/gcc/arm-none-eabi/9.3.1/../../../../arm-none-eabi/lib/thumb/v7e-m+fp/hard\libc_nano.a(lib_a-malloc.o)
 .ARM.attributes
                0x00000000000007f5       0x34 d:/stm32cubeide_1.8.0/stm32cubeide/plugins/com.st.stm32cube.ide.mcu.externaltools.gnu-tools-for-stm32.9-2020-q2-update.win32_2.0.0.202105311346/tools/bin/../lib/gcc/arm-none-eabi/9.3.1/../../../../arm-none-eabi/lib/thumb/v7e-m+fp/hard\libc_nano.a(lib_a-memcpy-stub.o)
 .ARM.attributes
                0x0000000000000829       0x34 d:/stm32cubeide_1.8.0/stm32cubeide/plugins/com.st.stm32cube.ide.mcu.externaltools.gnu-tools-for-stm32.9-2020-q2-update.win32_2.0.0.202105311346/tools/bin/../lib/gcc/arm-none-eabi/9.3.1/../../../../arm-none-eabi/lib/thumb/v7e-m+fp/hard\libc_nano.a(lib_a-memset.o)
 .ARM.attributes
                0x000000000000085d       0x34 d:/stm32cubeide_1.8.0/stm32cubeide/plugins/com.st.stm32cube.ide.mcu.externaltools.gnu-tools-for-stm32.9-2020-q2-update.win32_2.0.0.202105311346/tools/bin/../lib/gcc/arm-none-eabi/9.3.1/../../../../arm-none-eabi/lib/thumb/v7e-m+fp/hard\libc_nano.a(lib_a-nano-freer.o)
 .ARM.attributes
                0x0000000000000891       0x34 d:/stm32cubeide_1.8.0/stm32cubeide/plugins/com.st.stm32cube.ide.mcu.externaltools.gnu-tools-for-stm32.9-2020-q2-update.win32_2.0.0.202105311346/tools/bin/../lib/gcc/arm-none-eabi/9.3.1/../../../../arm-none-eabi/lib/thumb/v7e-m+fp/hard\libc_nano.a(lib_a-nano-mallocr.o)
 .ARM.attributes
                0x00000000000008c5       0x34 d:/stm32cubeide_1.8.0/stm32cubeide/plugins/com.st.stm32cube.ide.mcu.externaltools.gnu-tools-for-stm32.9-2020-q2-update.win32_2.0.0.202105311346/tools/bin/../lib/gcc/arm-none-eabi/9.3.1/../../../../arm-none-eabi/lib/thumb/v7e-m+fp/hard\libc_nano.a(lib_a-sbrkr.o)
 .ARM.attributes
                0x00000000000008f9       0x34 d:/stm32cubeide_1.8.0/stm32cubeide/plugins/com.st.stm32cube.ide.mcu.externaltools.gnu-tools-for-stm32.9-2020-q2-update.win32_2.0.0.202105311346/tools/bin/../lib/gcc/arm-none-eabi/9.3.1/../../../../arm-none-eabi/lib/thumb/v7e-m+fp/hard\libc_nano.a(lib_a-mlock.o)
 .ARM.attributes
                0x000000000000092d       0x34 d:/stm32cubeide_1.8.0/stm32cubeide/plugins/com.st.stm32cube.ide.mcu.externaltools.gnu-tools-for-stm32.9-2020-q2-update.win32_2.0.0.202105311346/tools/bin/../lib/gcc/arm-none-eabi/9.3.1/../../../../arm-none-eabi/lib/thumb/v7e-m+fp/hard\libc_nano.a(lib_a-reent.o)
 .ARM.attributes
                0x0000000000000961       0x34 d:/stm32cubeide_1.8.0/stm32cubeide/plugins/com.st.stm32cube.ide.mcu.externaltools.gnu-tools-for-stm32.9-2020-q2-update.win32_2.0.0.202105311346/tools/bin/../lib/gcc/arm-none-eabi/9.3.1/../../../../arm-none-eabi/lib/thumb/v7e-m+fp/hard\libc_nano.a(lib_a-lock.o)
 .ARM.attributes
                0x0000000000000995       0x1e d:/stm32cubeide_1.8.0/stm32cubeide/plugins/com.st.stm32cube.ide.mcu.externaltools.gnu-tools-for-stm32.9-2020-q2-update.win32_2.0.0.202105311346/tools/bin/../lib/gcc/arm-none-eabi/9.3.1/thumb/v7e-m+fp/hard\libgcc.a(_aeabi_uldivmod.o)
 .ARM.attributes
                0x00000000000009b3       0x34 d:/stm32cubeide_1.8.0/stm32cubeide/plugins/com.st.stm32cube.ide.mcu.externaltools.gnu-tools-for-stm32.9-2020-q2-update.win32_2.0.0.202105311346/tools/bin/../lib/gcc/arm-none-eabi/9.3.1/thumb/v7e-m+fp/hard\libgcc.a(_udivmoddi4.o)
 .ARM.attributes
                0x00000000000009e7       0x1e d:/stm32cubeide_1.8.0/stm32cubeide/plugins/com.st.stm32cube.ide.mcu.externaltools.gnu-tools-for-stm32.9-2020-q2-update.win32_2.0.0.202105311346/tools/bin/../lib/gcc/arm-none-eabi/9.3.1/thumb/v7e-m+fp/hard\libgcc.a(_dvmd_tls.o)
 .ARM.attributes
                0x0000000000000a05       0x1e d:/stm32cubeide_1.8.0/stm32cubeide/plugins/com.st.stm32cube.ide.mcu.externaltools.gnu-tools-for-stm32.9-2020-q2-update.win32_2.0.0.202105311346/tools/bin/../lib/gcc/arm-none-eabi/9.3.1/thumb/v7e-m+fp/hard/crtn.o
OUTPUT(WAV_Player1.elf elf32-littlearm)
LOAD linker stubs
LOAD d:/stm32cubeide_1.8.0/stm32cubeide/plugins/com.st.stm32cube.ide.mcu.externaltools.gnu-tools-for-stm32.9-2020-q2-update.win32_2.0.0.202105311346/tools/bin/../lib/gcc/arm-none-eabi/9.3.1/../../../../arm-none-eabi/lib/thumb/v7e-m+fp/hard\libc.a
LOAD d:/stm32cubeide_1.8.0/stm32cubeide/plugins/com.st.stm32cube.ide.mcu.externaltools.gnu-tools-for-stm32.9-2020-q2-update.win32_2.0.0.202105311346/tools/bin/../lib/gcc/arm-none-eabi/9.3.1/../../../../arm-none-eabi/lib/thumb/v7e-m+fp/hard\libm.a
LOAD d:/stm32cubeide_1.8.0/stm32cubeide/plugins/com.st.stm32cube.ide.mcu.externaltools.gnu-tools-for-stm32.9-2020-q2-update.win32_2.0.0.202105311346/tools/bin/../lib/gcc/arm-none-eabi/9.3.1/thumb/v7e-m+fp/hard\libgcc.a

.debug_info     0x0000000000000000    0x29b69
 .debug_info    0x0000000000000000      0xbf6 ./Audio/MY_CS43L22.o
 .debug_info    0x0000000000000bf6      0x987 ./Audio/audioI2S.o
 .debug_info    0x000000000000157d     0x19cc ./Audio/wav_player.o
 .debug_info    0x0000000000002f49     0x2748 ./Core/Src/main.o
 .debug_info    0x0000000000005691      0xe39 ./Core/Src/stm32f4xx_hal_msp.o
 .debug_info    0x00000000000064ca      0x995 ./Core/Src/stm32f4xx_it.o
 .debug_info    0x0000000000006e5f      0xa25 ./Core/Src/sysmem.o
 .debug_info    0x0000000000007884      0x5a4 ./Core/Src/system_stm32f4xx.o
 .debug_info    0x0000000000007e28       0x22 ./Core/Startup/startup_stm32f407vgtx.o
 .debug_info    0x0000000000007e4a      0x9b2 ./Drivers/STM32F4xx_HAL_Driver/Src/stm32f4xx_hal.o
 .debug_info    0x00000000000087fc      0xed7 ./Drivers/STM32F4xx_HAL_Driver/Src/stm32f4xx_hal_cortex.o
 .debug_info    0x00000000000096d3      0x9f1 ./Drivers/STM32F4xx_HAL_Driver/Src/stm32f4xx_hal_dma.o
 .debug_info    0x000000000000a0c4      0x83e ./Drivers/STM32F4xx_HAL_Driver/Src/stm32f4xx_hal_gpio.o
 .debug_info    0x000000000000a902      0xf67 ./Drivers/STM32F4xx_HAL_Driver/Src/stm32f4xx_hal_hcd.o